Component: ARM Compiler 5.06 update 1 (build 61) Tool: armlink [4d35a8]

==============================================================================

Section Cross References

    system_stm32f4xx.o(i.SystemCoreClockUpdate) refers to system_stm32f4xx.o(.data) for SystemCoreClock
    system_stm32f4xx.o(i.SystemInit) refers to system_stm32f4xx.o(i.SetSysClock) for SetSysClock
    startup_stm32f4xx.o(RESET) refers to startup_stm32f4xx.o(STACK) for __initial_sp
    startup_stm32f4xx.o(RESET) refers to startup_stm32f4xx.o(.text) for Reset_Handler
    startup_stm32f4xx.o(RESET) refers to stm32f4xx_it.o(i.NMI_Handler) for NMI_Handler
    startup_stm32f4xx.o(RESET) refers to stm32f4xx_it.o(i.HardFault_Handler) for HardFault_Handler
    startup_stm32f4xx.o(RESET) refers to stm32f4xx_it.o(i.MemManage_Handler) for MemManage_Handler
    startup_stm32f4xx.o(RESET) refers to stm32f4xx_it.o(i.BusFault_Handler) for BusFault_Handler
    startup_stm32f4xx.o(RESET) refers to stm32f4xx_it.o(i.UsageFault_Handler) for UsageFault_Handler
    startup_stm32f4xx.o(RESET) refers to stm32f4xx_it.o(i.SVC_Handler) for SVC_Handler
    startup_stm32f4xx.o(RESET) refers to stm32f4xx_it.o(i.DebugMon_Handler) for DebugMon_Handler
    startup_stm32f4xx.o(RESET) refers to stm32f4xx_it.o(i.PendSV_Handler) for PendSV_Handler
    startup_stm32f4xx.o(RESET) refers to stm32f4xx_it.o(i.SysTick_Handler) for SysTick_Handler
    startup_stm32f4xx.o(RESET) refers to stm32f4xx_it.o(i.TIM2_IRQHandler) for TIM2_IRQHandler
    startup_stm32f4xx.o(RESET) refers to stm32f4xx_it.o(i.TIM3_IRQHandler) for TIM3_IRQHandler
    startup_stm32f4xx.o(RESET) refers to stm32f4xx_it.o(i.UART5_IRQHandler) for UART5_IRQHandler
    startup_stm32f4xx.o(.text) refers to system_stm32f4xx.o(i.SystemInit) for SystemInit
    startup_stm32f4xx.o(.text) refers to entry.o(.ARM.Collect$$$$00000000) for __main
    main.o(i.ADXL345_RD_XYZ) refers to adxl345.o(i.ADXL345_ReadRawData) for ADXL345_ReadRawData
    main.o(i.DEBUG_DrawInterface) refers to ili93xx.o(i.LCD_Fill) for LCD_Fill
    main.o(i.DEBUG_DrawInterface) refers to main.o(i.I2C1_ScanDevice) for I2C1_ScanDevice
    main.o(i.DEBUG_DrawInterface) refers to main.o(i.I2C1_DiagnoseDevice) for I2C1_DiagnoseDevice
    main.o(i.DEBUG_DrawInterface) refers to main.o(i.UART5_HardwareDiagnose) for UART5_HardwareDiagnose
    main.o(i.GetSystemTick) refers to main.o(.data) for tick
    main.o(i.I2C1_DiagnoseDevice) refers to main.o(i.I2C1_ReadDeviceID) for I2C1_ReadDeviceID
    main.o(i.I2C1_DiagnoseDevice) refers to printfa.o(i.__0sprintf) for __2sprintf
    main.o(i.I2C1_DiagnoseDevice) refers to ili93xx.o(i.LCD_ShowString) for LCD_ShowString
    main.o(i.I2C1_ReadDeviceID) refers to stm32f4xx_i2c.o(i.I2C_GenerateSTART) for I2C_GenerateSTART
    main.o(i.I2C1_ReadDeviceID) refers to stm32f4xx_i2c.o(i.I2C_CheckEvent) for I2C_CheckEvent
    main.o(i.I2C1_ReadDeviceID) refers to stm32f4xx_i2c.o(i.I2C_Send7bitAddress) for I2C_Send7bitAddress
    main.o(i.I2C1_ReadDeviceID) refers to stm32f4xx_i2c.o(i.I2C_GenerateSTOP) for I2C_GenerateSTOP
    main.o(i.I2C1_ReadDeviceID) refers to stm32f4xx_i2c.o(i.I2C_SendData) for I2C_SendData
    main.o(i.I2C1_ReadDeviceID) refers to stm32f4xx_i2c.o(i.I2C_AcknowledgeConfig) for I2C_AcknowledgeConfig
    main.o(i.I2C1_ReadDeviceID) refers to stm32f4xx_i2c.o(i.I2C_ReceiveData) for I2C_ReceiveData
    main.o(i.I2C1_ScanDevice) refers to stm32f4xx_i2c.o(i.I2C_GetFlagStatus) for I2C_GetFlagStatus
    main.o(i.I2C1_ScanDevice) refers to stm32f4xx_i2c.o(i.I2C_GenerateSTOP) for I2C_GenerateSTOP
    main.o(i.I2C1_ScanDevice) refers to stm32f4xx_i2c.o(i.I2C_GenerateSTART) for I2C_GenerateSTART
    main.o(i.I2C1_ScanDevice) refers to stm32f4xx_i2c.o(i.I2C_CheckEvent) for I2C_CheckEvent
    main.o(i.I2C1_ScanDevice) refers to stm32f4xx_i2c.o(i.I2C_Send7bitAddress) for I2C_Send7bitAddress
    main.o(i.I2C1_ScanDevice) refers to stm32f4xx_i2c.o(i.I2C_ClearFlag) for I2C_ClearFlag
    main.o(i.N10P_ParseFrame) refers to main.o(i.N10P_CalculateCRC) for N10P_CalculateCRC
    main.o(i.N10P_ParseFrame) refers to main.o(i.N10P_GetPointAngle) for N10P_GetPointAngle
    main.o(i.N10P_ParseFrame) refers to memmovea.o(.text) for __aeabi_memmove
    main.o(i.N10P_ParseFrame) refers to main.o(.bss) for n10p_status
    main.o(i.N10P_ParsePartialFrame) refers to memmovea.o(.text) for __aeabi_memmove
    main.o(i.N10P_ParsePartialFrame) refers to main.o(i.GetSystemTick) for GetSystemTick
    main.o(i.N10P_ParsePartialFrame) refers to main.o(i.N10P_GetPointAngle) for N10P_GetPointAngle
    main.o(i.N10P_ParsePartialFrame) refers to main.o(.bss) for n10p_status
    main.o(i.N10P_ProcessData) refers to usart.o(i.UART5_GetReceiveLength) for UART5_GetReceiveLength
    main.o(i.N10P_ProcessData) refers to usart.o(i.UART5_IsReceiveFinished) for UART5_IsReceiveFinished
    main.o(i.N10P_ProcessData) refers to memmovea.o(.text) for __aeabi_memcpy
[...]
    ..\Libraries\STM32F4xx_StdPeriph_Driver\src\stm32f4xx_tim.c 0x00000000   Number         0  stm32f4xx_tim.o ABSOLUTE
    ..\Libraries\STM32F4xx_StdPeriph_Driver\src\stm32f4xx_usart.c 0x00000000   Number         0  stm32f4xx_usart.o ABSOLUTE
    ..\Libraries\STM32F4xx_StdPeriph_Driver\src\stm32f4xx_wwdg.c 0x00000000   Number         0  stm32f4xx_wwdg.o ABSOLUTE
    ..\User\PWM.c                            0x00000000   Number         0  pwm.o ABSOLUTE
    ..\User\lvgl_stubs.c                     0x00000000   Number         0  lvgl_stubs.o ABSOLUTE
    ..\User\main.c                           0x00000000   Number         0  main.o ABSOLUTE
    ..\User\stm32f4xx_it.c                   0x00000000   Number         0  stm32f4xx_it.o ABSOLUTE
    ..\\BaseDrive\\24CXX\\24cxx.c            0x00000000   Number         0  24cxx.o ABSOLUTE
    ..\\BaseDrive\\24CXX\\myiic.c            0x00000000   Number         0  myiic.o ABSOLUTE
    ..\\BaseDrive\\ILI93xx.c                 0x00000000   Number         0  ili93xx.o ABSOLUTE
    ..\\BaseDrive\\KEY.c                     0x00000000   Number         0  key.o ABSOLUTE
    ..\\BaseDrive\\LED.c                     0x00000000   Number         0  led.o ABSOLUTE
    ..\\BaseDrive\\TIME.c                    0x00000000   Number         0  time.o ABSOLUTE
    ..\\BaseDrive\\TOUCH\\ctiic.c            0x00000000   Number         0  ctiic.o ABSOLUTE
    ..\\BaseDrive\\TOUCH\\ft5206.c           0x00000000   Number         0  ft5206.o ABSOLUTE
    ..\\BaseDrive\\TOUCH\\gt9147.c           0x00000000   Number         0  gt9147.o ABSOLUTE
    ..\\BaseDrive\\TOUCH\\ott2001a.c         0x00000000   Number         0  ott2001a.o ABSOLUTE
    ..\\BaseDrive\\TOUCH\\sys.c              0x00000000   Number         0  sys.o ABSOLUTE
    ..\\BaseDrive\\TOUCH\\touch.c            0x00000000   Number         0  touch.o ABSOLUTE
    ..\\BaseDrive\\USART.c                   0x00000000   Number         0  usart.o ABSOLUTE
    ..\\BaseDrive\\adxl345.c                 0x00000000   Number         0  adxl345.o ABSOLUTE
    ..\\BaseDrive\\delay.c                   0x00000000   Number         0  delay.o ABSOLUTE
    ..\\BaseDrive\\servo\\servo.c            0x00000000   Number         0  servo.o ABSOLUTE
    ..\\Libraries\\CMSIS\\Device\\ST\\STM32F4xx\\Source\\Templates\\system_stm32f4xx.c 0x00000000   Number         0  system_stm32f4xx.o ABSOLUTE
    ..\\Libraries\\STM32F4xx_StdPeriph_Driver\\src\\misc.c 0x00000000   Number         0  misc.o ABSOLUTE
    ..\\Libraries\\STM32F4xx_StdPeriph_Driver\\src\\stm32f4xx_adc.c 0x00000000   Number         0  stm32f4xx_adc.o ABSOLUTE
    ..\\Libraries\\STM32F4xx_StdPeriph_Driver\\src\\stm32f4xx_can.c 0x00000000   Number         0  stm32f4xx_can.o ABSOLUTE
    ..\\Libraries\\STM32F4xx_StdPeriph_Driver\\src\\stm32f4xx_crc.c 0x00000000   Number         0  stm32f4xx_crc.o ABSOLUTE
    ..\\Libraries\\STM32F4xx_StdPeriph_Driver\\src\\stm32f4xx_cryp.c 0x00000000   Number         0  stm32f4xx_cryp.o ABSOLUTE
    ..\\Libraries\\STM32F4xx_StdPeriph_Driver\\src\\stm32f4xx_cryp_aes.c 0x00000000   Number         0  stm32f4xx_cryp_aes.o ABSOLUTE
    ..\\Libraries\\STM32F4xx_StdPeriph_Driver\\src\\stm32f4xx_cryp_des.c 0x00000000   Number         0  stm32f4xx_cryp_des.o ABSOLUTE
    ..\\Libraries\\STM32F4xx_StdPeriph_Driver\\src\\stm32f4xx_cryp_tdes.c 0x00000000   Number         0  stm32f4xx_cryp_tdes.o ABSOLUTE
    ..\\Libraries\\STM32F4xx_StdPeriph_Driver\\src\\stm32f4xx_dac.c 0x00000000   Number         0  stm32f4xx_dac.o ABSOLUTE
    ..\\Libraries\\STM32F4xx_StdPeriph_Driver\\src\\stm32f4xx_dbgmcu.c 0x00000000   Number         0  stm32f4xx_dbgmcu.o ABSOLUTE
    ..\\Libraries\\STM32F4xx_StdPeriph_Driver\\src\\stm32f4xx_dcmi.c 0x00000000   Number         0  stm32f4xx_dcmi.o ABSOLUTE
    ..\\Libraries\\STM32F4xx_StdPeriph_Driver\\src\\stm32f4xx_dma.c 0x00000000   Number         0  stm32f4xx_dma.o ABSOLUTE
    ..\\Libraries\\STM32F4xx_StdPeriph_Driver\\src\\stm32f4xx_exti.c 0x00000000   Number         0  stm32f4xx_exti.o ABSOLUTE
    ..\\Libraries\\STM32F4xx_StdPeriph_Driver\\src\\stm32f4xx_flash.c 0x00000000   Number         0  stm32f4xx_flash.o ABSOLUTE
    ..\\Libraries\\STM32F4xx_StdPeriph_Driver\\src\\stm32f4xx_fsmc.c 0x00000000   Number         0  stm32f4xx_fsmc.o ABSOLUTE
    ..\\Libraries\\STM32F4xx_StdPeriph_Driver\\src\\stm32f4xx_gpio.c 0x00000000   Number         0  stm32f4xx_gpio.o ABSOLUTE
    ..\\Libraries\\STM32F4xx_StdPeriph_Driver\\src\\stm32f4xx_hash.c 0x00000000   Number         0  stm32f4xx_hash.o ABSOLUTE
    ..\\Libraries\\STM32F4xx_StdPeriph_Driver\\src\\stm32f4xx_hash_md5.c 0x00000000   Number         0  stm32f4xx_hash_md5.o ABSOLUTE
    ..\\Libraries\\STM32F4xx_StdPeriph_Driver\\src\\stm32f4xx_hash_sha1.c 0x00000000   Number         0  stm32f4xx_hash_sha1.o ABSOLUTE
    ..\\Libraries\\STM32F4xx_StdPeriph_Driver\\src\\stm32f4xx_i2c.c 0x00000000   Number         0  stm32f4xx_i2c.o ABSOLUTE
    ..\\Libraries\\STM32F4xx_StdPeriph_Driver\\src\\stm32f4xx_iwdg.c 0x00000000   Number         0  stm32f4xx_iwdg.o ABSOLUTE
    ..\\Libraries\\STM32F4xx_StdPeriph_Driver\\src\\stm32f4xx_pwr.c 0x00000000   Number         0  stm32f4xx_pwr.o ABSOLUTE
    ..\\Libraries\\STM32F4xx_StdPeriph_Driver\\src\\stm32f4xx_rcc.c 0x00000000   Number         0  stm32f4xx_rcc.o ABSOLUTE
    ..\\Libraries\\STM32F4xx_StdPeriph_Driver\\src\\stm32f4xx_rng.c 0x00000000   Number         0  stm32f4xx_rng.o ABSOLUTE
    ..\\Libraries\\STM32F4xx_StdPeriph_Driver\\src\\stm32f4xx_rtc.c 0x00000000   Number         0  stm32f4xx_rtc.o ABSOLUTE
    ..\\Libraries\\STM32F4xx_StdPeriph_Driver\\src\\stm32f4xx_sdio.c 0x00000000   Number         0  stm32f4xx_sdio.o ABSOLUTE
    ..\\Libraries\\STM32F4xx_StdPeriph_Driver\\src\\stm32f4xx_spi.c 0x00000000   Number         0  stm32f4xx_spi.o ABSOLUTE
    ..\\Libraries\\STM32F4xx_StdPeriph_Driver\\src\\stm32f4xx_syscfg.c 0x00000000   Number         0  stm32f4xx_syscfg.o ABSOLUTE
    ..\\Libraries\\STM32F4xx_StdPeriph_Driver\\src\\stm32f4xx_tim.c 0x00000000   Number         0  stm32f4xx_tim.o ABSOLUTE
    ..\\Libraries\\STM32F4xx_StdPeriph_Driver\\src\\stm32f4xx_usart.c 0x00000000   Number         0  stm32f4xx_usart.o ABSOLUTE
    ..\\Libraries\\STM32F4xx_StdPeriph_Driver\\src\\stm32f4xx_wwdg.c 0x00000000   Number         0  stm32f4xx_wwdg.o ABSOLUTE
    ..\\User\\PWM.c                          0x00000000   Number         0  pwm.o ABSOLUTE
    ..\\User\\main.c                         0x00000000   Number         0  main.o ABSOLUTE
    ..\\User\\stm32f4xx_it.c                 0x00000000   Number         0  stm32f4xx_it.o ABSOLUTE
    ..\\lvgl\\examples\\porting\\lv_port_disp.c 0x00000000   Number         0  lv_port_disp.o ABSOLUTE
    ..\\lvgl\\examples\\porting\\lv_port_indev.c 0x00000000   Number         0  lv_port_indev.o ABSOLUTE
    ..\lvgl\examples\porting\lv_port_disp.c  0x00000000   Number         0  lv_port_disp.o ABSOLUTE
    ..\lvgl\examples\porting\lv_port_indev.c 0x00000000   Number         0  lv_port_indev.o ABSOLUTE
    ..\lvgl\src\core\lv_disp.c               0x00000000   Number         0  lv_disp.o ABSOLUTE
    ..\lvgl\src\core\lv_event.c              0x00000000   Number         0  lv_event.o ABSOLUTE
    ..\lvgl\src\core\lv_group.c              0x00000000   Number         0  lv_group.o ABSOLUTE
    ..\lvgl\src\core\lv_indev.c              0x00000000   Number         0  lv_indev.o ABSOLUTE
    ..\lvgl\src\core\lv_indev_scroll.c       0x00000000   Number         0  lv_indev_scroll.o ABSOLUTE
    ..\lvgl\src\core\lv_obj.c                0x00000000   Number         0  lv_obj.o ABSOLUTE
    ..\lvgl\src\core\lv_obj_class.c          0x00000000   Number         0  lv_obj_class.o ABSOLUTE
    ..\lvgl\src\core\lv_obj_draw.c           0x00000000   Number         0  lv_obj_draw.o ABSOLUTE
    ..\lvgl\src\core\lv_obj_pos.c            0x00000000   Number         0  lv_obj_pos.o ABSOLUTE
    ..\lvgl\src\core\lv_obj_scroll.c         0x00000000   Number         0  lv_obj_scroll.o ABSOLUTE
    ..\lvgl\src\core\lv_obj_style.c          0x00000000   Number         0  lv_obj_style.o ABSOLUTE
    ..\lvgl\src\core\lv_obj_style_gen.c      0x00000000   Number         0  lv_obj_style_gen.o ABSOLUTE
    ..\lvgl\src\core\lv_obj_tree.c           0x00000000   Number         0  lv_obj_tree.o ABSOLUTE
    ..\lvgl\src\core\lv_refr.c               0x00000000   Number         0  lv_refr.o ABSOLUTE
    ..\lvgl\src\core\lv_theme.c              0x00000000   Number         0  lv_theme.o ABSOLUTE
    ..\lvgl\src\draw\lv_draw.c               0x00000000   Number         0  lv_draw.o ABSOLUTE
    ..\lvgl\src\draw\lv_draw_arc.c           0x00000000   Number         0  lv_draw_arc.o ABSOLUTE
    ..\lvgl\src\draw\lv_draw_img.c           0x00000000   Number         0  lv_draw_img.o ABSOLUTE
    ..\lvgl\src\draw\lv_draw_label.c         0x00000000   Number         0  lv_draw_label.o ABSOLUTE
    ..\lvgl\src\draw\lv_draw_layer.c         0x00000000   Number         0  lv_draw_layer.o ABSOLUTE
    ..\lvgl\src\draw\lv_draw_line.c          0x00000000   Number         0  lv_draw_line.o ABSOLUTE
    ..\lvgl\src\draw\lv_draw_mask.c          0x00000000   Number         0  lv_draw_mask.o ABSOLUTE
    ..\lvgl\src\draw\lv_draw_rect.c          0x00000000   Number         0  lv_draw_rect.o ABSOLUTE
    ..\lvgl\src\draw\lv_draw_transform.c     0x00000000   Number         0  lv_draw_transform.o ABSOLUTE
    ..\lvgl\src\draw\lv_draw_triangle.c      0x00000000   Number         0  lv_draw_triangle.o ABSOLUTE
    ..\lvgl\src\draw\lv_img_buf.c            0x00000000   Number         0  lv_img_buf.o ABSOLUTE
    ..\lvgl\src\draw\lv_img_cache.c          0x00000000   Number         0  lv_img_cache.o ABSOLUTE
    ..\lvgl\src\draw\lv_img_decoder.c        0x00000000   Number         0  lv_img_decoder.o ABSOLUTE
    ..\lvgl\src\draw\sw\lv_draw_sw.c         0x00000000   Number         0  lv_draw_sw.o ABSOLUTE
    ..\lvgl\src\draw\sw\lv_draw_sw_arc.c     0x00000000   Number         0  lv_draw_sw_arc.o ABSOLUTE
    ..\lvgl\src\draw\sw\lv_draw_sw_blend.c   0x00000000   Number         0  lv_draw_sw_blend.o ABSOLUTE
    ..\lvgl\src\draw\sw\lv_draw_sw_gradient.c 0x00000000   Number         0  lv_draw_sw_gradient.o ABSOLUTE
    ..\lvgl\src\draw\sw\lv_draw_sw_img.c     0x00000000   Number         0  lv_draw_sw_img.o ABSOLUTE
    ..\lvgl\src\draw\sw\lv_draw_sw_layer.c   0x00000000   Number         0  lv_draw_sw_layer.o ABSOLUTE
    ..\lvgl\src\draw\sw\lv_draw_sw_letter.c  0x00000000   Number         0  lv_draw_sw_letter.o ABSOLUTE
    ..\lvgl\src\draw\sw\lv_draw_sw_line.c    0x00000000   Number         0  lv_draw_sw_line.o ABSOLUTE
    ..\lvgl\src\draw\sw\lv_draw_sw_polygon.c 0x00000000   Number         0  lv_draw_sw_polygon.o ABSOLUTE
    ..\lvgl\src\draw\sw\lv_draw_sw_rect.c    0x00000000   Number         0  lv_draw_sw_rect.o ABSOLUTE
    ..\lvgl\src\draw\sw\lv_draw_sw_transform.c 0x00000000   Number         0  lv_draw_sw_transform.o ABSOLUTE
    ..\lvgl\src\draw\swm341_dma2d\lv_gpu_swm341_dma2d.c 0x00000000   Number         0  lv_gpu_swm341_dma2d.o ABSOLUTE
    ..\lvgl\src\extra\layouts\flex\lv_flex.c 0x00000000   Number         0  lv_flex.o ABSOLUTE
    ..\lvgl\src\extra\layouts\grid\lv_grid.c 0x00000000   Number         0  lv_grid.o ABSOLUTE
    ..\lvgl\src\extra\lv_extra.c             0x00000000   Number         0  lv_extra.o ABSOLUTE
    ..\lvgl\src\font\lv_font.c               0x00000000   Number         0  lv_font.o ABSOLUTE
    ..\lvgl\src\font\lv_font_fmt_txt.c       0x00000000   Number         0  lv_font_fmt_txt.o ABSOLUTE
    ..\lvgl\src\font\lv_font_montserrat_12.c 0x00000000   Number         0  lv_font_montserrat_12.o ABSOLUTE
    ..\lvgl\src\hal\lv_hal_disp.c            0x00000000   Number         0  lv_hal_disp.o ABSOLUTE
    ..\lvgl\src\hal\lv_hal_indev.c           0x00000000   Number         0  lv_hal_indev.o ABSOLUTE
    ..\lvgl\src\hal\lv_hal_tick.c            0x00000000   Number         0  lv_hal_tick.o ABSOLUTE
    ..\lvgl\src\misc\lv_anim.c               0x00000000   Number         0  lv_anim.o ABSOLUTE
    ..\lvgl\src\misc\lv_area.c               0x00000000   Number         0  lv_area.o ABSOLUTE
    ..\lvgl\src\misc\lv_async.c              0x00000000   Number         0  lv_async.o ABSOLUTE
    ..\lvgl\src\misc\lv_color.c              0x00000000   Number         0  lv_color.o ABSOLUTE
    ..\lvgl\src\misc\lv_fs.c                 0x00000000   Number         0  lv_fs.o ABSOLUTE
    ..\lvgl\src\misc\lv_gc.c                 0x00000000   Number         0  lv_gc.o ABSOLUTE
    ..\lvgl\src\misc\lv_ll.c                 0x00000000   Number         0  lv_ll.o ABSOLUTE
    ..\lvgl\src\misc\lv_math.c               0x00000000   Number         0  lv_math.o ABSOLUTE
    ..\lvgl\src\misc\lv_mem.c                0x00000000   Number         0  lv_mem.o ABSOLUTE
    ..\lvgl\src\misc\lv_style.c              0x00000000   Number         0  lv_style.o ABSOLUTE
    ..\lvgl\src\misc\lv_timer.c              0x00000000   Number         0  lv_timer.o ABSOLUTE
    ..\lvgl\src\misc\lv_tlsf.c               0x00000000   Number         0  lv_tlsf.o ABSOLUTE
    ..\lvgl\src\misc\lv_txt.c                0x00000000   Number         0  lv_txt.o ABSOLUTE
    ..\lvgl\src\misc\lv_utils.c              0x00000000   Number         0  lv_utils.o ABSOLUTE
    ..\lvgl\src\widgets\lv_arc.c             0x00000000   Number         0  lv_arc.o ABSOLUTE
    ..\lvgl\src\widgets\lv_bar.c             0x00000000   Number         0  lv_bar.o ABSOLUTE
    ..\lvgl\src\widgets\lv_btn.c             0x00000000   Number         0  lv_btn.o ABSOLUTE
    ..\lvgl\src\widgets\lv_btnmatrix.c       0x00000000   Number         0  lv_btnmatrix.o ABSOLUTE
    ..\lvgl\src\widgets\lv_canvas.c          0x00000000   Number         0  lv_canvas.o ABSOLUTE
    ..\lvgl\src\widgets\lv_checkbox.c        0x00000000   Number         0  lv_checkbox.o ABSOLUTE
    ..\lvgl\src\widgets\lv_dropdown.c        0x00000000   Number         0  lv_dropdown.o ABSOLUTE
    ..\lvgl\src\widgets\lv_img.c             0x00000000   Number         0  lv_img.o ABSOLUTE
    ..\lvgl\src\widgets\lv_label.c           0x00000000   Number         0  lv_label.o ABSOLUTE
    ..\lvgl\src\widgets\lv_line.c            0x00000000   Number         0  lv_line.o ABSOLUTE
    ..\lvgl\src\widgets\lv_roller.c          0x00000000   Number         0  lv_roller.o ABSOLUTE
    ..\lvgl\src\widgets\lv_slider.c          0x00000000   Number         0  lv_slider.o ABSOLUTE
    ..\lvgl\src\widgets\lv_switch.c          0x00000000   Number         0  lv_switch.o ABSOLUTE
    ..\lvgl\src\widgets\lv_table.c           0x00000000   Number         0  lv_table.o ABSOLUTE
    ..\lvgl\src\widgets\lv_textarea.c        0x00000000   Number         0  lv_textarea.o ABSOLUTE
    cdrcmple.s                               0x00000000   Number         0  cdrcmple.o ABSOLUTE
    dc.s                                     0x00000000   Number         0  dc.o ABSOLUTE
    handlers.s                               0x00000000   Number         0  handlers.o ABSOLUTE
    init.s                                   0x00000000   Number         0  init.o ABSOLUTE
    RESET                                    0x08000000   Section      392  startup_stm32f4xx.o(RESET)
    .ARM.Collect$$$$00000000                 0x08000188   Section        0  entry.o(.ARM.Collect$$$$00000000)
    .ARM.Collect$$$$00000001                 0x08000188   Section        4  entry2.o(.ARM.Collect$$$$00000001)
    .ARM.Collect$$$$00000004                 0x0800018c   Section        4  entry5.o(.ARM.Collect$$$$00000004)
    .ARM.Collect$$$$00000008                 0x08000190   Section        0  entry7b.o(.ARM.Collect$$$$00000008)
    .ARM.Collect$$$$0000000A                 0x08000190   Section        0  entry8b.o(.ARM.Collect$$$$0000000A)
    .ARM.Collect$$$$0000000B                 0x08000190   Section        8  entry9a.o(.ARM.Collect$$$$0000000B)
    .ARM.Collect$$$$0000000D                 0x08000198   Section        0  entry10a.o(.ARM.Collect$$$$0000000D)
    .ARM.Collect$$$$0000000F                 0x08000198   Section        0  entry11a.o(.ARM.Collect$$$$0000000F)
    .ARM.Collect$$$$00002712                 0x08000198   Section        4  entry2.o(.ARM.Collect$$$$00002712)
    __lit__00000000                          0x08000198   Data           4  entry2.o(.ARM.Collect$$$$00002712)
    .text                                    0x0800019c   Section       36  startup_stm32f4xx.o(.text)
    $v0                                      0x0800019c   Number         0  startup_stm32f4xx.o(.text)
    .text                                    0x080001c0   Section        0  memmovea.o(.text)
    .text                                    0x08000200   Section        0  memseta.o(.text)
    .text                                    0x08000224   Section        0  strcat.o(.text)
    .text                                    0x0800023c   Section        0  strcmp.o(.text)
    .text                                    0x08000258   Section        0  dadd.o(.text)
    .text                                    0x080003a6   Section        0  dmul.o(.text)
    .text                                    0x0800048a   Section        0  f2d.o(.text)
    .text                                    0x080004b0   Section        0  uidiv.o(.text)
    .text                                    0x080004dc   Section        0  uldiv.o(.text)
    .text                                    0x0800053e   Section        0  llshl.o(.text)
    .text                                    0x0800055c   Section        0  llushr.o(.text)
    .text                                    0x0800057c   Section        0  llsshr.o(.text)
    .text                                    0x080005a0   Section        0  depilogue.o(.text)
    .text                                    0x080005a0   Section        0  iusefp.o(.text)
    .text                                    0x0800065a   Section        0  ddiv.o(.text)
    .text                                    0x08000738   Section        0  dfixul.o(.text)
    .text                                    0x08000768   Section       48  cdrcmple.o(.text)
    .text                                    0x08000798   Section       36  init.o(.text)
    i.ADXL345_GPIO_Init                      0x080007bc   Section        0  adxl345.o(i.ADXL345_GPIO_Init)
    ADXL345_GPIO_Init                        0x080007bd   Thumb Code    74  adxl345.o(i.ADXL345_GPIO_Init)
    i.ADXL345_I2C_ReceiveByte                0x0800080c   Section        0  adxl345.o(i.ADXL345_I2C_ReceiveByte)
    ADXL345_I2C_ReceiveByte                  0x0800080d   Thumb Code   132  adxl345.o(i.ADXL345_I2C_ReceiveByte)
    i.ADXL345_I2C_SendByte                   0x08000894   Section        0  adxl345.o(i.ADXL345_I2C_SendByte)
    ADXL345_I2C_SendByte                     0x08000895   Thumb Code    92  adxl345.o(i.ADXL345_I2C_SendByte)
    i.ADXL345_I2C_Start                      0x080008f4   Section        0  adxl345.o(i.ADXL345_I2C_Start)
    ADXL345_I2C_Start                        0x080008f5   Thumb Code    52  adxl345.o(i.ADXL345_I2C_Start)
    i.ADXL345_I2C_Stop                       0x0800092c   Section        0  adxl345.o(i.ADXL345_I2C_Stop)
    ADXL345_I2C_Stop                         0x0800092d   Thumb Code    58  adxl345.o(i.ADXL345_I2C_Stop)
    i.ADXL345_I2C_WaitAck                    0x0800096c   Section        0  adxl345.o(i.ADXL345_I2C_WaitAck)
    ADXL345_I2C_WaitAck                      0x0800096d   Thumb Code    78  adxl345.o(i.ADXL345_I2C_WaitAck)
    i.ADXL345_Init                           0x080009c0   Section        0  adxl345.o(i.ADXL345_Init)
    i.ADXL345_RD_XYZ                         0x08000a7c   Section        0  main.o(i.ADXL345_RD_XYZ)
    i.ADXL345_ReadMultiRegs                  0x08000aae   Section        0  adxl345.o(i.ADXL345_ReadMultiRegs)
    ADXL345_ReadMultiRegs                    0x08000aaf   Thumb Code   106  adxl345.o(i.ADXL345_ReadMultiRegs)
    i.ADXL345_ReadRawData                    0x08000b18   Section        0  adxl345.o(i.ADXL345_ReadRawData)
    i.ADXL345_ReadReg                        0x08000b80   Section        0  adxl345.o(i.ADXL345_ReadReg)
    ADXL345_ReadReg                          0x08000b81   Thumb Code    72  adxl345.o(i.ADXL345_ReadReg)
    i.ADXL345_SDA_Input                      0x08000bc8   Section        0  adxl345.o(i.ADXL345_SDA_Input)
    ADXL345_SDA_Input                        0x08000bc9   Thumb Code    28  adxl345.o(i.ADXL345_SDA_Input)
    i.ADXL345_SDA_Output                     0x08000be8   Section        0  adxl345.o(i.ADXL345_SDA_Output)
    ADXL345_SDA_Output                       0x08000be9   Thumb Code    38  adxl345.o(i.ADXL345_SDA_Output)
    i.ADXL345_WriteReg                       0x08000c14   Section        0  adxl345.o(i.ADXL345_WriteReg)
    ADXL345_WriteReg                         0x08000c15   Thumb Code    60  adxl345.o(i.ADXL345_WriteReg)
    i.BusFault_Handler                       0x08000c50   Section        0  stm32f4xx_it.o(i.BusFault_Handler)
    i.CT_Delay                               0x08000c54   Section        0  ctiic.o(i.CT_Delay)
    i.CT_IIC_Ack                             0x08000c60   Section        0  ctiic.o(i.CT_IIC_Ack)
    i.CT_IIC_Init                            0x08000cb0   Section        0  ctiic.o(i.CT_IIC_Init)
    i.CT_IIC_NAck                            0x08000cf0   Section        0  ctiic.o(i.CT_IIC_NAck)
    i.CT_IIC_Read_Byte                       0x08000d40   Section        0  ctiic.o(i.CT_IIC_Read_Byte)
    i.CT_IIC_Send_Byte                       0x08000da8   Section        0  ctiic.o(i.CT_IIC_Send_Byte)
    i.CT_IIC_Start                           0x08000e08   Section        0  ctiic.o(i.CT_IIC_Start)
    i.CT_IIC_Stop                            0x08000e54   Section        0  ctiic.o(i.CT_IIC_Stop)
    i.CT_IIC_Wait_Ack                        0x08000e9c   Section        0  ctiic.o(i.CT_IIC_Wait_Ack)
    i.DebugMon_Handler                       0x08000ef8   Section        0  stm32f4xx_it.o(i.DebugMon_Handler)
    i.GPIO_AF_Set                            0x08000efa   Section        0  sys.o(i.GPIO_AF_Set)
    i.GPIO_Init                              0x08000f3a   Section        0  stm32f4xx_gpio.o(i.GPIO_Init)
    i.GPIO_PinAFConfig                       0x08000fca   Section        0  stm32f4xx_gpio.o(i.GPIO_PinAFConfig)
    i.GPIO_ReadInputDataBit                  0x08001010   Section        0  stm32f4xx_gpio.o(i.GPIO_ReadInputDataBit)
    i.GPIO_ReadOutputDataBit                 0x08001022   Section        0  stm32f4xx_gpio.o(i.GPIO_ReadOutputDataBit)
    i.GPIO_ResetBits                         0x08001034   Section        0  stm32f4xx_gpio.o(i.GPIO_ResetBits)
    i.GPIO_Set                               0x08001038   Section        0  sys.o(i.GPIO_Set)
    i.GPIO_SetBits                           0x08001116   Section        0  stm32f4xx_gpio.o(i.GPIO_SetBits)
    i.GPIO_WriteBit                          0x0800111a   Section        0  stm32f4xx_gpio.o(i.GPIO_WriteBit)
    i.GT9147_Init                            0x08001124   Section        0  gt9147.o(i.GT9147_Init)
    i.GT9147_RD_Reg                          0x08001214   Section        0  gt9147.o(i.GT9147_RD_Reg)
    i.GT9147_Scan                            0x08001278   Section        0  gt9147.o(i.GT9147_Scan)
    i.GT9147_Send_Cfg                        0x0800146c   Section        0  gt9147.o(i.GT9147_Send_Cfg)
    i.GT9147_WR_Reg                          0x080014c8   Section        0  gt9147.o(i.GT9147_WR_Reg)
    i.GetSystemTick                          0x08001524   Section        0  main.o(i.GetSystemTick)
    i.HardFault_Handler                      0x08001538   Section        0  stm32f4xx_it.o(i.HardFault_Handler)
    i.KEY_Init                               0x0800153c   Section        0  key.o(i.KEY_Init)
    i.KeyScan                                0x0800156c   Section        0  key.o(i.KeyScan)
    i.LCD_Clear                              0x08001664   Section        0  ili93xx.o(i.LCD_Clear)
    i.LCD_Display_Dir                        0x08001698   Section        0  ili93xx.o(i.LCD_Display_Dir)
    i.LCD_Fast_DrawPoint                     0x0800172c   Section        0  ili93xx.o(i.LCD_Fast_DrawPoint)
    i.LCD_Fill                               0x08001794   Section        0  ili93xx.o(i.LCD_Fill)
    i.LCD_Init                               0x080017e8   Section        0  ili93xx.o(i.LCD_Init)
    i.LCD_RD_DATA                            0x080029a8   Section        0  ili93xx.o(i.LCD_RD_DATA)
    i.LCD_Scan_Dir                           0x080029bc   Section        0  ili93xx.o(i.LCD_Scan_Dir)
    i.LCD_SetCursor                          0x08002af4   Section        0  ili93xx.o(i.LCD_SetCursor)
    i.LCD_ShowChar                           0x08002b4c   Section        0  ili93xx.o(i.LCD_ShowChar)
    i.LCD_ShowString                         0x08002c74   Section        0  ili93xx.o(i.LCD_ShowString)
    i.LCD_WR_DATA                            0x08002cdc   Section        0  ili93xx.o(i.LCD_WR_DATA)
    i.LCD_WR_REG                             0x08002cf4   Section        0  ili93xx.o(i.LCD_WR_REG)
    i.LCD_WriteRAM_Prepare                   0x08002d0c   Section        0  ili93xx.o(i.LCD_WriteRAM_Prepare)
    i.LCD_WriteReg                           0x08002d20   Section        0  ili93xx.o(i.LCD_WriteReg)
    i.LED_Init                               0x08002d30   Section        0  led.o(i.LED_Init)
    i.MemManage_Handler                      0x08002da4   Section        0  stm32f4xx_it.o(i.MemManage_Handler)
    i.N10P_GetPointAngle                     0x08002da8   Section        0  main.o(i.N10P_GetPointAngle)
    i.N10P_ParsePartialFrame                 0x08002e40   Section        0  main.o(i.N10P_ParsePartialFrame)
    i.N10P_ProcessData                       0x080032c4   Section        0  main.o(i.N10P_ProcessData)
    i.N10P_SendTestCommand                   0x08003354   Section        0  main.o(i.N10P_SendTestCommand)
    i.NMI_Handler                            0x0800354c   Section        0  stm32f4xx_it.o(i.NMI_Handler)
    i.NVIC_Init                              0x08003550   Section        0  misc.o(i.NVIC_Init)
    i.PendSV_Handler                         0x080035c8   Section        0  stm32f4xx_it.o(i.PendSV_Handler)
    i.RCC_AHB1PeriphClockCmd                 0x080035cc   Section        0  stm32f4xx_rcc.o(i.RCC_AHB1PeriphClockCmd)
    i.RCC_APB1PeriphClockCmd                 0x080035ec   Section        0  stm32f4xx_rcc.o(i.RCC_APB1PeriphClockCmd)
    i.RCC_GetClocksFreq                      0x0800360c   Section        0  stm32f4xx_rcc.o(i.RCC_GetClocksFreq)
    i.SLAM_CheckTouch                        0x080036f4   Section        0  main.o(i.SLAM_CheckTouch)
    i.SLAM_ClearMap                          0x080037d8   Section        0  main.o(i.SLAM_ClearMap)
    i.SLAM_DrawMap                           0x0800383c   Section        0  main.o(i.SLAM_DrawMap)
    i.SLAM_IsWall                            0x080041a0   Section        0  main.o(i.SLAM_IsWall)
    i.SLAM_UpdateMap                         0x08004284   Section        0  main.o(i.SLAM_UpdateMap)
    i.SLAM_UpdatePosition                    0x08004590   Section        0  main.o(i.SLAM_UpdatePosition)
    i.SVC_Handler                            0x08004bac   Section        0  stm32f4xx_it.o(i.SVC_Handler)
    i.SetSysClock                            0x08004bb0   Section        0  system_stm32f4xx.o(i.SetSysClock)
    SetSysClock                              0x08004bb1   Thumb Code   220  system_stm32f4xx.o(i.SetSysClock)
    i.SysTick_Handler                        0x08004c9c   Section        0  stm32f4xx_it.o(i.SysTick_Handler)
    i.SysTick_Init                           0x08004d24   Section        0  delay.o(i.SysTick_Init)
    i.SystemInit                             0x08004d8c   Section        0  system_stm32f4xx.o(i.SystemInit)
    i.TIM2_IRQHandler                        0x08004df4   Section        0  stm32f4xx_it.o(i.TIM2_IRQHandler)
    i.TIM3_IRQHandler                        0x08004e48   Section        0  stm32f4xx_it.o(i.TIM3_IRQHandler)
    i.TIM3_Init                              0x08004ef4   Section        0  time.o(i.TIM3_Init)
    i.TIM_ARRPreloadConfig                   0x08004f64   Section        0  stm32f4xx_tim.o(i.TIM_ARRPreloadConfig)
    i.TIM_ClearITPendingBit                  0x08004f7c   Section        0  stm32f4xx_tim.o(i.TIM_ClearITPendingBit)
    i.TIM_Cmd                                0x08004f82   Section        0  stm32f4xx_tim.o(i.TIM_Cmd)
    i.TIM_GetITStatus                        0x08004f9a   Section        0  stm32f4xx_tim.o(i.TIM_GetITStatus)
    i.TIM_ITConfig                           0x08004fbc   Section        0  stm32f4xx_tim.o(i.TIM_ITConfig)
    i.TIM_TimeBaseInit                       0x08004fd0   Section        0  stm32f4xx_tim.o(i.TIM_TimeBaseInit)
    i.TP_Init                                0x08005054   Section        0  touch.o(i.TP_Init)
    i.TimingDelay_Decrement                  0x080050a8   Section        0  delay.o(i.TimingDelay_Decrement)
    i.UART5_ClearReceiveFlag                 0x080050cc   Section        0  usart.o(i.UART5_ClearReceiveFlag)
    i.UART5_GetReceiveLength                 0x080050dc   Section        0  usart.o(i.UART5_GetReceiveLength)
    i.UART5_IRQHandler                       0x080050e8   Section        0  stm32f4xx_it.o(i.UART5_IRQHandler)
    i.UART5_Init                             0x08005274   Section        0  usart.o(i.UART5_Init)
    i.UART5_IsReceiveFinished                0x08005354   Section        0  usart.o(i.UART5_IsReceiveFinished)
    i.UART5_SendBuffer                       0x08005360   Section        0  usart.o(i.UART5_SendBuffer)
    i.UART5_SendByte                         0x08005384   Section        0  usart.o(i.UART5_SendByte)
    i.USART_ClearITPendingBit                0x080053b4   Section        0  stm32f4xx_usart.o(i.USART_ClearITPendingBit)
    i.USART_Cmd                              0x080053d2   Section        0  stm32f4xx_usart.o(i.USART_Cmd)
    i.USART_GetFlagStatus                    0x080053ea   Section        0  stm32f4xx_usart.o(i.USART_GetFlagStatus)
    i.USART_GetITStatus                      0x08005404   Section        0  stm32f4xx_usart.o(i.USART_GetITStatus)
    i.USART_ITConfig                         0x08005458   Section        0  stm32f4xx_usart.o(i.USART_ITConfig)
    i.USART_Init                             0x080054a4   Section        0  stm32f4xx_usart.o(i.USART_Init)
    i.USART_ReceiveData                      0x08005578   Section        0  stm32f4xx_usart.o(i.USART_ReceiveData)
    i.USART_SendData                         0x08005582   Section        0  stm32f4xx_usart.o(i.USART_SendData)
    i.UsageFault_Handler                     0x0800558a   Section        0  stm32f4xx_it.o(i.UsageFault_Handler)
    i.__0sprintf                             0x08005590   Section        0  printfa.o(i.__0sprintf)
    i.__ARM_fpclassifyf                      0x080055b8   Section        0  fpclassifyf.o(i.__ARM_fpclassifyf)
    i.__hardfp_cosf                          0x080055e0   Section        0  cosf.o(i.__hardfp_cosf)
    i.__hardfp_sinf                          0x08005730   Section        0  sinf.o(i.__hardfp_sinf)
    i.__hardfp_sqrtf                         0x080058c0   Section        0  sqrtf.o(i.__hardfp_sqrtf)
    i.__mathlib_flt_infnan                   0x080058fa   Section        0  funder.o(i.__mathlib_flt_infnan)
    i.__mathlib_flt_invalid                  0x08005900   Section        0  funder.o(i.__mathlib_flt_invalid)
    i.__mathlib_flt_underflow                0x08005910   Section        0  funder.o(i.__mathlib_flt_underflow)
    i.__mathlib_rredf2                       0x08005920   Section        0  rredf.o(i.__mathlib_rredf2)
    i.__scatterload_copy                     0x08005a74   Section       14  handlers.o(i.__scatterload_copy)
    i.__scatterload_null                     0x08005a82   Section        2  handlers.o(i.__scatterload_null)
    i.__scatterload_zeroinit                 0x08005a84   Section       14  handlers.o(i.__scatterload_zeroinit)
    i.__set_errno                            0x08005a94   Section        0  errno.o(i.__set_errno)
    i._fp_digits                             0x08005aa0   Section        0  printfa.o(i._fp_digits)
    _fp_digits                               0x08005aa1   Thumb Code   334  printfa.o(i._fp_digits)
    i._printf_core                           0x08005c04   Section        0  printfa.o(i._printf_core)
    _printf_core                             0x08005c05   Thumb Code  1744  printfa.o(i._printf_core)
    i._printf_post_padding                   0x080062e0   Section        0  printfa.o(i._printf_post_padding)
    _printf_post_padding                     0x080062e1   Thumb Code    36  printfa.o(i._printf_post_padding)
    i._printf_pre_padding                    0x08006304   Section        0  printfa.o(i._printf_pre_padding)
    _printf_pre_padding                      0x08006305   Thumb Code    46  printfa.o(i._printf_pre_padding)
    i._sputc                                 0x08006332   Section        0  printfa.o(i._sputc)
    _sputc                                   0x08006333   Thumb Code    10  printfa.o(i._sputc)
    i.delay_init                             0x0800633c   Section        0  delay.o(i.delay_init)
    i.delay_ms                               0x08006344   Section        0  delay.o(i.delay_ms)
    i.delay_us                               0x08006360   Section        0  delay.o(i.delay_us)
    i.lv_tick_inc                            0x08006388   Section        0  lv_hal_tick.o(i.lv_tick_inc)
    i.main                                   0x080063a4   Section        0  main.o(i.main)
    .constdata                               0x08006940   Section      194  gt9147.o(.constdata)
    .constdata                               0x08006a02   Section     6080  ili93xx.o(.constdata)
    .constdata                               0x080081c4   Section       32  rredf.o(.constdata)
    twooverpi                                0x080081c4   Data          32  rredf.o(.constdata)
    .data                                    0x20000000   Section       20  system_stm32f4xx.o(.data)
    .data                                    0x20000014   Section       57  main.o(.data)
    tick                                     0x20000028   Data           4  main.o(.data)
    test_step                                0x2000002c   Data           1  main.o(.data)
    retry_count                              0x2000002d   Data           1  main.o(.data)
    last_success_tick                        0x20000030   Data           4  main.o(.data)
    baudrates                                0x20000034   Data          16  main.o(.data)
    baud_index                               0x20000044   Data           1  main.o(.data)
    static_counter                           0x20000045   Data           1  main.o(.data)
    prev_mag                                 0x20000048   Data           4  main.o(.data)
    is_static                                0x2000004c   Data           1  main.o(.data)
    .data                                    0x20000050   Section       18  stm32f4xx_it.o(.data)
    system_ms_counter                        0x20000050   Data           4  stm32f4xx_it.o(.data)
    tim3_adxl345_errors                      0x20000054   Data           4  stm32f4xx_it.o(.data)
    led_cnt                                  0x20000058   Data           4  stm32f4xx_it.o(.data)
    cnt                                      0x2000005c   Data           4  stm32f4xx_it.o(.data)
    adxl_read_counter                        0x20000060   Data           1  stm32f4xx_it.o(.data)
    adxl_error_count                         0x20000061   Data           1  stm32f4xx_it.o(.data)
    .data                                    0x20000062   Section       16  stm32f4xx_rcc.o(.data)
    APBAHBPrescTable                         0x20000062   Data          16  stm32f4xx_rcc.o(.data)
    .data                                    0x20000074   Section        8  delay.o(.data)
    TimingDelay                              0x20000074   Data           4  delay.o(.data)
    system_tick_count                        0x20000078   Data           4  delay.o(.data)
    .data                                    0x2000007c   Section        1  key.o(.data)
    key_up                                   0x2000007c   Data           1  key.o(.data)
    .data                                    0x2000007d   Section        1  gt9147.o(.data)
    t                                        0x2000007d   Data           1  gt9147.o(.data)
    .data                                    0x20000080   Section       52  touch.o(.data)
    .data                                    0x200000b4   Section        8  ili93xx.o(.data)
    i                                        0x200000b8   Data           2  ili93xx.o(.data)
    j                                        0x200000ba   Data           2  ili93xx.o(.data)
    .data                                    0x200000bc   Section        5  lv_hal_tick.o(.data)
    sys_time                                 0x200000bc   Data           4  lv_hal_tick.o(.data)
    tick_irq_flag                            0x200000c0   Data           1  lv_hal_tick.o(.data)
    .data                                    0x200000c4   Section        4  errno.o(.data)
    _errno                                   0x200000c4   Data           4  errno.o(.data)
    .bss                                     0x200000c8   Section    30532  main.o(.bss)
    .bss                                     0x2000780c   Section       12  stm32f4xx_it.o(.bss)
    uart5_errors                             0x2000780c   Data          12  stm32f4xx_it.o(.bss)
    .bss                                     0x20007818   Section     1880  usart.o(.bss)
    .bss                                     0x20007f70   Section       14  ili93xx.o(.bss)
    .bss                                     0x20007f80   Section       48  adxl345.o(.bss)
    STACK                                    0x20007fb0   Section     4608  startup_stm32f4xx.o(STACK)

    Global Symbols

    Symbol Name                              Value     Ov Type        Size  Object(Section)

    BuildAttributes$$THM_ISAv4$E$P$D$K$B$S$7EM$VFPi3$EXTD16$VFPS$VFMA$PE$A:L22UL41UL21$X:L11$S22US41US21$IEEE1$IW$USESV6$~STKCKD$USESV7$~SHL$OTIME$ROPI$IEEEX$EBA8$MICROLIB$REQ8$PRES8$EABIv2 0x00000000   Number         0  anon$$obj.o ABSOLUTE
    __ARM_use_no_argv                        0x00000000   Number         0  main.o ABSOLUTE
    _printf_a                                0x00000000   Number         0  stubs.o ABSOLUTE
    _printf_c                                0x00000000   Number         0  stubs.o ABSOLUTE
    _printf_charcount                        0x00000000   Number         0  stubs.o ABSOLUTE
    _printf_d                                0x00000000   Number         0  stubs.o ABSOLUTE
    _printf_e                                0x00000000   Number         0  stubs.o ABSOLUTE
    _printf_f                                0x00000000   Number         0  stubs.o ABSOLUTE
    _printf_flags                            0x00000000   Number         0  stubs.o ABSOLUTE
    _printf_fp_dec                           0x00000000   Number         0  stubs.o ABSOLUTE
    _printf_fp_hex                           0x00000000   Number         0  stubs.o ABSOLUTE
    _printf_g                                0x00000000   Number         0  stubs.o ABSOLUTE
    _printf_i                                0x00000000   Number         0  stubs.o ABSOLUTE
    _printf_int_dec                          0x00000000   Number         0  stubs.o ABSOLUTE
    _printf_l                                0x00000000   Number         0  stubs.o ABSOLUTE
    _printf_lc                               0x00000000   Number         0  stubs.o ABSOLUTE
    _printf_ll                               0x00000000   Number         0  stubs.o ABSOLUTE
    _printf_lld                              0x00000000   Number         0  stubs.o ABSOLUTE
    _printf_lli                              0x00000000   Number         0  stubs.o ABSOLUTE
    _printf_llo                              0x00000000   Number         0  stubs.o ABSOLUTE
    _printf_llu                              0x00000000   Number         0  stubs.o ABSOLUTE
    _printf_llx                              0x00000000   Number         0  stubs.o ABSOLUTE
    _printf_longlong_dec                     0x00000000   Number         0  stubs.o ABSOLUTE
    _printf_longlong_hex                     0x00000000   Number         0  stubs.o ABSOLUTE
    _printf_longlong_oct                     0x00000000   Number         0  stubs.o ABSOLUTE
    _printf_ls                               0x00000000   Number         0  stubs.o ABSOLUTE
    _printf_mbtowc                           0x00000000   Number         0  stubs.o ABSOLUTE
    _printf_n                                0x00000000   Number         0  stubs.o ABSOLUTE
    _printf_o                                0x00000000   Number         0  stubs.o ABSOLUTE
    _printf_p                                0x00000000   Number         0  stubs.o ABSOLUTE
    _printf_percent                          0x00000000   Number         0  stubs.o ABSOLUTE
    _printf_pre_padding                      0x00000000   Number         0  stubs.o ABSOLUTE
    _printf_return_value                     0x00000000   Number         0  stubs.o ABSOLUTE
    _printf_s                                0x00000000   Number         0  stubs.o ABSOLUTE
    _printf_sizespec                         0x00000000   Number         0  stubs.o ABSOLUTE
    _printf_str                              0x00000000   Number         0  stubs.o ABSOLUTE
    _printf_truncate_signed                  0x00000000   Number         0  stubs.o ABSOLUTE
    _printf_truncate_unsigned                0x00000000   Number         0  stubs.o ABSOLUTE
    _printf_u                                0x00000000   Number         0  stubs.o ABSOLUTE
    _printf_wc                               0x00000000   Number         0  stubs.o ABSOLUTE
    _printf_wctomb                           0x00000000   Number         0  stubs.o ABSOLUTE
    _printf_widthprec                        0x00000000   Number         0  stubs.o ABSOLUTE
    _printf_x                                0x00000000   Number         0  stubs.o ABSOLUTE
    __cpp_initialize__aeabi_                  - Undefined Weak Reference
    __cxa_finalize                            - Undefined Weak Reference
    __decompress                              - Undefined Weak Reference
    _clock_init                               - Undefined Weak Reference
    _microlib_exit                            - Undefined Weak Reference
    __Vectors_Size                           0x00000188   Number         0  startup_stm32f4xx.o ABSOLUTE
    __Vectors                                0x08000000   Data           4  startup_stm32f4xx.o(RESET)
    __Vectors_End                            0x08000188   Data           0  startup_stm32f4xx.o(RESET)
    __main                                   0x08000189   Thumb Code     0  entry.o(.ARM.Collect$$$$00000000)
    _main_stk                                0x08000189   Thumb Code     0  entry2.o(.ARM.Collect$$$$00000001)
    _main_scatterload                        0x0800018d   Thumb Code     0  entry5.o(.ARM.Collect$$$$00000004)
    __main_after_scatterload                 0x08000191   Thumb Code     0  entry5.o(.ARM.Collect$$$$00000004)
    _main_clock                              0x08000191   Thumb Code     0  entry7b.o(.ARM.Collect$$$$00000008)
    _main_cpp_init                           0x08000191   Thumb Code     0  entry8b.o(.ARM.Collect$$$$0000000A)
    _main_init                               0x08000191   Thumb Code     0  entry9a.o(.ARM.Collect$$$$0000000B)
    __rt_final_cpp                           0x08000199   Thumb Code     0  entry10a.o(.ARM.Collect$$$$0000000D)
    __rt_final_exit                          0x08000199   Thumb Code     0  entry11a.o(.ARM.Collect$$$$0000000F)
    Reset_Handler                            0x0800019d   Thumb Code     8  startup_stm32f4xx.o(.text)
    ADC_IRQHandler                           0x080001b7   Thumb Code     0  startup_stm32f4xx.o(.text)
    CAN1_RX0_IRQHandler                      0x080001b7   Thumb Code     0  startup_stm32f4xx.o(.text)
    CAN1_RX1_IRQHandler                      0x080001b7   Thumb Code     0  startup_stm32f4xx.o(.text)
    CAN1_SCE_IRQHandler                      0x080001b7   Thumb Code     0  startup_stm32f4xx.o(.text)
    CAN1_TX_IRQHandler                       0x080001b7   Thumb Code     0  startup_stm32f4xx.o(.text)
    CAN2_RX0_IRQHandler                      0x080001b7   Thumb Code     0  startup_stm32f4xx.o(.text)
    CAN2_RX1_IRQHandler                      0x080001b7   Thumb Code     0  startup_stm32f4xx.o(.text)
    CAN2_SCE_IRQHandler                      0x080001b7   Thumb Code     0  startup_stm32f4xx.o(.text)
    CAN2_TX_IRQHandler                       0x080001b7   Thumb Code     0  startup_stm32f4xx.o(.text)
    CRYP_IRQHandler                          0x080001b7   Thumb Code     0  startup_stm32f4xx.o(.text)
    DCMI_IRQHandler                          0x080001b7   Thumb Code     0  startup_stm32f4xx.o(.text)
    DMA1_Stream0_IRQHandler                  0x080001b7   Thumb Code     0  startup_stm32f4xx.o(.text)
    DMA1_Stream1_IRQHandler                  0x080001b7   Thumb Code     0  startup_stm32f4xx.o(.text)
    DMA1_Stream2_IRQHandler                  0x080001b7   Thumb Code     0  startup_stm32f4xx.o(.text)
    DMA1_Stream3_IRQHandler                  0x080001b7   Thumb Code     0  startup_stm32f4xx.o(.text)
    DMA1_Stream4_IRQHandler                  0x080001b7   Thumb Code     0  startup_stm32f4xx.o(.text)
    DMA1_Stream5_IRQHandler                  0x080001b7   Thumb Code     0  startup_stm32f4xx.o(.text)
    DMA1_Stream6_IRQHandler                  0x080001b7   Thumb Code     0  startup_stm32f4xx.o(.text)
    DMA1_Stream7_IRQHandler                  0x080001b7   Thumb Code     0  startup_stm32f4xx.o(.text)
    DMA2_Stream0_IRQHandler                  0x080001b7   Thumb Code     0  startup_stm32f4xx.o(.text)
    DMA2_Stream1_IRQHandler                  0x080001b7   Thumb Code     0  startup_stm32f4xx.o(.text)
    DMA2_Stream2_IRQHandler                  0x080001b7   Thumb Code     0  startup_stm32f4xx.o(.text)
    DMA2_Stream3_IRQHandler                  0x080001b7   Thumb Code     0  startup_stm32f4xx.o(.text)
    DMA2_Stream4_IRQHandler                  0x080001b7   Thumb Code     0  startup_stm32f4xx.o(.text)
    DMA2_Stream5_IRQHandler                  0x080001b7   Thumb Code     0  startup_stm32f4xx.o(.text)
    DMA2_Stream6_IRQHandler                  0x080001b7   Thumb Code     0  startup_stm32f4xx.o(.text)
    DMA2_Stream7_IRQHandler                  0x080001b7   Thumb Code     0  startup_stm32f4xx.o(.text)
    ETH_IRQHandler                           0x080001b7   Thumb Code     0  startup_stm32f4xx.o(.text)
    ETH_WKUP_IRQHandler                      0x080001b7   Thumb Code     0  startup_stm32f4xx.o(.text)
    EXTI0_IRQHandler                         0x080001b7   Thumb Code     0  startup_stm32f4xx.o(.text)
    EXTI15_10_IRQHandler                     0x080001b7   Thumb Code     0  startup_stm32f4xx.o(.text)
    EXTI1_IRQHandler                         0x080001b7   Thumb Code     0  startup_stm32f4xx.o(.text)
    EXTI2_IRQHandler                         0x080001b7   Thumb Code     0  startup_stm32f4xx.o(.text)
    EXTI3_IRQHandler                         0x080001b7   Thumb Code     0  startup_stm32f4xx.o(.text)
    EXTI4_IRQHandler                         0x080001b7   Thumb Code     0  startup_stm32f4xx.o(.text)
    EXTI9_5_IRQHandler                       0x080001b7   Thumb Code     0  startup_stm32f4xx.o(.text)
    FLASH_IRQHandler                         0x080001b7   Thumb Code     0  startup_stm32f4xx.o(.text)
    FPU_IRQHandler                           0x080001b7   Thumb Code     0  startup_stm32f4xx.o(.text)
    FSMC_IRQHandler                          0x080001b7   Thumb Code     0  startup_stm32f4xx.o(.text)
    HASH_RNG_IRQHandler                      0x080001b7   Thumb Code     0  startup_stm32f4xx.o(.text)
    I2C1_ER_IRQHandler                       0x080001b7   Thumb Code     0  startup_stm32f4xx.o(.text)
    I2C1_EV_IRQHandler                       0x080001b7   Thumb Code     0  startup_stm32f4xx.o(.text)
    I2C2_ER_IRQHandler                       0x080001b7   Thumb Code     0  startup_stm32f4xx.o(.text)
    I2C2_EV_IRQHandler                       0x080001b7   Thumb Code     0  startup_stm32f4xx.o(.text)
    I2C3_ER_IRQHandler                       0x080001b7   Thumb Code     0  startup_stm32f4xx.o(.text)
    I2C3_EV_IRQHandler                       0x080001b7   Thumb Code     0  startup_stm32f4xx.o(.text)
    OTG_FS_IRQHandler                        0x080001b7   Thumb Code     0  startup_stm32f4xx.o(.text)
    OTG_FS_WKUP_IRQHandler                   0x080001b7   Thumb Code     0  startup_stm32f4xx.o(.text)
    OTG_HS_EP1_IN_IRQHandler                 0x080001b7   Thumb Code     0  startup_stm32f4xx.o(.text)
    OTG_HS_EP1_OUT_IRQHandler                0x080001b7   Thumb Code     0  startup_stm32f4xx.o(.text)
    OTG_HS_IRQHandler                        0x080001b7   Thumb Code     0  startup_stm32f4xx.o(.text)
    OTG_HS_WKUP_IRQHandler                   0x080001b7   Thumb Code     0  startup_stm32f4xx.o(.text)
    PVD_IRQHandler                           0x080001b7   Thumb Code     0  startup_stm32f4xx.o(.text)
    RCC_IRQHandler                           0x080001b7   Thumb Code     0  startup_stm32f4xx.o(.text)
    RTC_Alarm_IRQHandler                     0x080001b7   Thumb Code     0  startup_stm32f4xx.o(.text)
    RTC_WKUP_IRQHandler                      0x080001b7   Thumb Code     0  startup_stm32f4xx.o(.text)
    SDIO_IRQHandler                          0x080001b7   Thumb Code     0  startup_stm32f4xx.o(.text)
    SPI1_IRQHandler                          0x080001b7   Thumb Code     0  startup_stm32f4xx.o(.text)
    SPI2_IRQHandler                          0x080001b7   Thumb Code     0  startup_stm32f4xx.o(.text)
    SPI3_IRQHandler                          0x080001b7   Thumb Code     0  startup_stm32f4xx.o(.text)
    TAMP_STAMP_IRQHandler                    0x080001b7   Thumb Code     0  startup_stm32f4xx.o(.text)
    TIM1_BRK_TIM9_IRQHandler                 0x080001b7   Thumb Code     0  startup_stm32f4xx.o(.text)
    TIM1_CC_IRQHandler                       0x080001b7   Thumb Code     0  startup_stm32f4xx.o(.text)
    TIM1_TRG_COM_TIM11_IRQHandler            0x080001b7   Thumb Code     0  startup_stm32f4xx.o(.text)
    TIM1_UP_TIM10_IRQHandler                 0x080001b7   Thumb Code     0  startup_stm32f4xx.o(.text)
    TIM4_IRQHandler                          0x080001b7   Thumb Code     0  startup_stm32f4xx.o(.text)
    TIM5_IRQHandler                          0x080001b7   Thumb Code     0  startup_stm32f4xx.o(.text)
    TIM6_DAC_IRQHandler                      0x080001b7   Thumb Code     0  startup_stm32f4xx.o(.text)
    TIM7_IRQHandler                          0x080001b7   Thumb Code     0  startup_stm32f4xx.o(.text)
    TIM8_BRK_TIM12_IRQHandler                0x080001b7   Thumb Code     0  startup_stm32f4xx.o(.text)
    TIM8_CC_IRQHandler                       0x080001b7   Thumb Code     0  startup_stm32f4xx.o(.text)
    TIM8_TRG_COM_TIM14_IRQHandler            0x080001b7   Thumb Code     0  startup_stm32f4xx.o(.text)
    TIM8_UP_TIM13_IRQHandler                 0x080001b7   Thumb Code     0  startup_stm32f4xx.o(.text)
    UART4_IRQHandler                         0x080001b7   Thumb Code     0  startup_stm32f4xx.o(.text)
    USART1_IRQHandler                        0x080001b7   Thumb Code     0  startup_stm32f4xx.o(.text)
    USART2_IRQHandler                        0x080001b7   Thumb Code     0  startup_stm32f4xx.o(.text)
    USART3_IRQHandler                        0x080001b7   Thumb Code     0  startup_stm32f4xx.o(.text)
    USART6_IRQHandler                        0x080001b7   Thumb Code     0  startup_stm32f4xx.o(.text)
    WWDG_IRQHandler                          0x080001b7   Thumb Code     0  startup_stm32f4xx.o(.text)
    ___aeabi_memcpy8$move                    0x080001c1   Thumb Code     0  memmovea.o(.text)
    __aeabi_memcpy                           0x080001c1   Thumb Code    64  memmovea.o(.text)
    __aeabi_memcpy4                          0x080001c1   Thumb Code     0  memmovea.o(.text)
    __aeabi_memmove                          0x080001c1   Thumb Code     0  memmovea.o(.text)
    __aeabi_memmove4                         0x080001c1   Thumb Code     0  memmovea.o(.text)
    __aeabi_memmove8                         0x080001c1   Thumb Code     0  memmovea.o(.text)
    __aeabi_memset                           0x08000201   Thumb Code    14  memseta.o(.text)
    __aeabi_memset4                          0x08000201   Thumb Code     0  memseta.o(.text)
    __aeabi_memset8                          0x08000201   Thumb Code     0  memseta.o(.text)
    __aeabi_memclr                           0x0800020f   Thumb Code     4  memseta.o(.text)
    __aeabi_memclr4                          0x0800020f   Thumb Code     0  memseta.o(.text)
    __aeabi_memclr8                          0x0800020f   Thumb Code     0  memseta.o(.text)
    _memset$wrapper                          0x08000213   Thumb Code    18  memseta.o(.text)
    strcat                                   0x08000225   Thumb Code    24  strcat.o(.text)
    strcmp                                   0x0800023d   Thumb Code    28  strcmp.o(.text)
    __aeabi_dadd                             0x08000259   Thumb Code   322  dadd.o(.text)
    __aeabi_dsub                             0x0800039b   Thumb Code     6  dadd.o(.text)
    __aeabi_drsub                            0x080003a1   Thumb Code     6  dadd.o(.text)
    __aeabi_dmul                             0x080003a7   Thumb Code   228  dmul.o(.text)
    __aeabi_f2d                              0x0800048b   Thumb Code    38  f2d.o(.text)
    __aeabi_uidiv                            0x080004b1   Thumb Code     0  uidiv.o(.text)
    __aeabi_uidivmod                         0x080004b1   Thumb Code    44  uidiv.o(.text)
    __aeabi_uldivmod                         0x080004dd   Thumb Code    98  uldiv.o(.text)
    __aeabi_llsl                             0x0800053f   Thumb Code    30  llshl.o(.text)
    _ll_shift_l                              0x0800053f   Thumb Code     0  llshl.o(.text)
    __aeabi_llsr                             0x0800055d   Thumb Code    32  llushr.o(.text)
    _ll_ushift_r                             0x0800055d   Thumb Code     0  llushr.o(.text)
    __aeabi_lasr                             0x0800057d   Thumb Code    36  llsshr.o(.text)
    _ll_sshift_r                             0x0800057d   Thumb Code     0  llsshr.o(.text)
    __I$use$fp                               0x080005a1   Thumb Code     0  iusefp.o(.text)
    _double_round                            0x080005a1   Thumb Code    30  depilogue.o(.text)
    _double_epilogue                         0x080005bf   Thumb Code   156  depilogue.o(.text)
    __aeabi_ddiv                             0x0800065b   Thumb Code   222  ddiv.o(.text)
    __aeabi_d2ulz                            0x08000739   Thumb Code    48  dfixul.o(.text)
    __aeabi_cdrcmple                         0x08000769   Thumb Code    48  cdrcmple.o(.text)
    __scatterload                            0x08000799   Thumb Code    28  init.o(.text)
    __scatterload_rt2                        0x08000799   Thumb Code     0  init.o(.text)
    ADXL345_Init                             0x080009c1   Thumb Code   182  adxl345.o(i.ADXL345_Init)
    ADXL345_RD_XYZ                           0x08000a7d   Thumb Code    50  main.o(i.ADXL345_RD_XYZ)
    ADXL345_ReadRawData                      0x08000b19   Thumb Code   100  adxl345.o(i.ADXL345_ReadRawData)
    BusFault_Handler                         0x08000c51   Thumb Code     4  stm32f4xx_it.o(i.BusFault_Handler)
    CT_Delay                                 0x08000c55   Thumb Code    10  ctiic.o(i.CT_Delay)
    CT_IIC_Ack                               0x08000c61   Thumb Code    66  ctiic.o(i.CT_IIC_Ack)
    CT_IIC_Init                              0x08000cb1   Thumb Code    56  ctiic.o(i.CT_IIC_Init)
    CT_IIC_NAck                              0x08000cf1   Thumb Code    66  ctiic.o(i.CT_IIC_NAck)
    CT_IIC_Read_Byte                         0x08000d41   Thumb Code    92  ctiic.o(i.CT_IIC_Read_Byte)
    CT_IIC_Send_Byte                         0x08000da9   Thumb Code    84  ctiic.o(i.CT_IIC_Send_Byte)
    CT_IIC_Start                             0x08000e09   Thumb Code    62  ctiic.o(i.CT_IIC_Start)
    CT_IIC_Stop                              0x08000e55   Thumb Code    58  ctiic.o(i.CT_IIC_Stop)
    CT_IIC_Wait_Ack                          0x08000e9d   Thumb Code    80  ctiic.o(i.CT_IIC_Wait_Ack)
    DebugMon_Handler                         0x08000ef9   Thumb Code     2  stm32f4xx_it.o(i.DebugMon_Handler)
    GPIO_AF_Set                              0x08000efb   Thumb Code    64  sys.o(i.GPIO_AF_Set)
    GPIO_Init                                0x08000f3b   Thumb Code   144  stm32f4xx_gpio.o(i.GPIO_Init)
    GPIO_PinAFConfig                         0x08000fcb   Thumb Code    70  stm32f4xx_gpio.o(i.GPIO_PinAFConfig)
    GPIO_ReadInputDataBit                    0x08001011   Thumb Code    18  stm32f4xx_gpio.o(i.GPIO_ReadInputDataBit)
    GPIO_ReadOutputDataBit                   0x08001023   Thumb Code    18  stm32f4xx_gpio.o(i.GPIO_ReadOutputDataBit)
    GPIO_ResetBits                           0x08001035   Thumb Code     4  stm32f4xx_gpio.o(i.GPIO_ResetBits)
    GPIO_Set                                 0x08001039   Thumb Code   222  sys.o(i.GPIO_Set)
    GPIO_SetBits                             0x08001117   Thumb Code     4  stm32f4xx_gpio.o(i.GPIO_SetBits)
    GPIO_WriteBit                            0x0800111b   Thumb Code    10  stm32f4xx_gpio.o(i.GPIO_WriteBit)
    GT9147_Init                              0x08001125   Thumb Code   216  gt9147.o(i.GT9147_Init)
    GT9147_RD_Reg                            0x08001215   Thumb Code    98  gt9147.o(i.GT9147_RD_Reg)
    GT9147_Scan                              0x08001279   Thumb Code   482  gt9147.o(i.GT9147_Scan)
    GT9147_Send_Cfg                          0x0800146d   Thumb Code    86  gt9147.o(i.GT9147_Send_Cfg)
    GT9147_WR_Reg                            0x080014c9   Thumb Code    92  gt9147.o(i.GT9147_WR_Reg)
    GetSystemTick                            0x08001525   Thumb Code    16  main.o(i.GetSystemTick)
    HardFault_Handler                        0x08001539   Thumb Code     4  stm32f4xx_it.o(i.HardFault_Handler)
    KEY_Init                                 0x0800153d   Thumb Code    44  key.o(i.KEY_Init)
    KeyScan                                  0x0800156d   Thumb Code   240  key.o(i.KeyScan)
    LCD_Clear                                0x08001665   Thumb Code    42  ili93xx.o(i.LCD_Clear)
    LCD_Display_Dir                          0x08001699   Thumb Code   142  ili93xx.o(i.LCD_Display_Dir)
    LCD_Fast_DrawPoint                       0x0800172d   Thumb Code    96  ili93xx.o(i.LCD_Fast_DrawPoint)
    LCD_Fill                                 0x08001795   Thumb Code    80  ili93xx.o(i.LCD_Fill)
    LCD_Init                                 0x080017e9   Thumb Code  4542  ili93xx.o(i.LCD_Init)
    LCD_RD_DATA                              0x080029a9   Thumb Code    14  ili93xx.o(i.LCD_RD_DATA)
    LCD_Scan_Dir                             0x080029bd   Thumb Code   306  ili93xx.o(i.LCD_Scan_Dir)
    LCD_SetCursor                            0x08002af5   Thumb Code    84  ili93xx.o(i.LCD_SetCursor)
    LCD_ShowChar                             0x08002b4d   Thumb Code   272  ili93xx.o(i.LCD_ShowChar)
    LCD_ShowString                           0x08002c75   Thumb Code   102  ili93xx.o(i.LCD_ShowString)
    LCD_WR_DATA                              0x08002cdd   Thumb Code    18  ili93xx.o(i.LCD_WR_DATA)
    LCD_WR_REG                               0x08002cf5   Thumb Code    18  ili93xx.o(i.LCD_WR_REG)
    LCD_WriteRAM_Prepare                     0x08002d0d   Thumb Code    10  ili93xx.o(i.LCD_WriteRAM_Prepare)
    LCD_WriteReg                             0x08002d21   Thumb Code    10  ili93xx.o(i.LCD_WriteReg)
    LED_Init                                 0x08002d31   Thumb Code   112  led.o(i.LED_Init)
    MemManage_Handler                        0x08002da5   Thumb Code     4  stm32f4xx_it.o(i.MemManage_Handler)
    N10P_GetPointAngle                       0x08002da9   Thumb Code   144  main.o(i.N10P_GetPointAngle)
    N10P_ParsePartialFrame                   0x08002e41   Thumb Code  1150  main.o(i.N10P_ParsePartialFrame)
    N10P_ProcessData                         0x080032c5   Thumb Code   128  main.o(i.N10P_ProcessData)
    N10P_SendTestCommand                     0x08003355   Thumb Code   414  main.o(i.N10P_SendTestCommand)
    NMI_Handler                              0x0800354d   Thumb Code     2  stm32f4xx_it.o(i.NMI_Handler)
    NVIC_Init                                0x08003551   Thumb Code   106  misc.o(i.NVIC_Init)
    PendSV_Handler                           0x080035c9   Thumb Code     2  stm32f4xx_it.o(i.PendSV_Handler)
    RCC_AHB1PeriphClockCmd                   0x080035cd   Thumb Code    26  stm32f4xx_rcc.o(i.RCC_AHB1PeriphClockCmd)
    RCC_APB1PeriphClockCmd                   0x080035ed   Thumb Code    26  stm32f4xx_rcc.o(i.RCC_APB1PeriphClockCmd)
    RCC_GetClocksFreq                        0x0800360d   Thumb Code   214  stm32f4xx_rcc.o(i.RCC_GetClocksFreq)
    SLAM_CheckTouch                          0x080036f5   Thumb Code   196  main.o(i.SLAM_CheckTouch)
    SLAM_ClearMap                            0x080037d9   Thumb Code    82  main.o(i.SLAM_ClearMap)
    SLAM_DrawMap                             0x0800383d   Thumb Code  2104  main.o(i.SLAM_DrawMap)
    SLAM_IsWall                              0x080041a1   Thumb Code   222  main.o(i.SLAM_IsWall)
    SLAM_UpdateMap                           0x08004285   Thumb Code   738  main.o(i.SLAM_UpdateMap)
    SLAM_UpdatePosition                      0x08004591   Thumb Code  1530  main.o(i.SLAM_UpdatePosition)
    SVC_Handler                              0x08004bad   Thumb Code     2  stm32f4xx_it.o(i.SVC_Handler)
    SysTick_Handler                          0x08004c9d   Thumb Code   118  stm32f4xx_it.o(i.SysTick_Handler)
    SysTick_Init                             0x08004d25   Thumb Code    92  delay.o(i.SysTick_Init)
    SystemInit                               0x08004d8d   Thumb Code    88  system_stm32f4xx.o(i.SystemInit)
    TIM2_IRQHandler                          0x08004df5   Thumb Code    74  stm32f4xx_it.o(i.TIM2_IRQHandler)
    TIM3_IRQHandler                          0x08004e49   Thumb Code   146  stm32f4xx_it.o(i.TIM3_IRQHandler)
    TIM3_Init                                0x08004ef5   Thumb Code   106  time.o(i.TIM3_Init)
    TIM_ARRPreloadConfig                     0x08004f65   Thumb Code    24  stm32f4xx_tim.o(i.TIM_ARRPreloadConfig)
    TIM_ClearITPendingBit                    0x08004f7d   Thumb Code     6  stm32f4xx_tim.o(i.TIM_ClearITPendingBit)
    TIM_Cmd                                  0x08004f83   Thumb Code    24  stm32f4xx_tim.o(i.TIM_Cmd)
    TIM_GetITStatus                          0x08004f9b   Thumb Code    34  stm32f4xx_tim.o(i.TIM_GetITStatus)
    TIM_ITConfig                             0x08004fbd   Thumb Code    18  stm32f4xx_tim.o(i.TIM_ITConfig)
    TIM_TimeBaseInit                         0x08004fd1   Thumb Code   104  stm32f4xx_tim.o(i.TIM_TimeBaseInit)
    TP_Init                                  0x08005055   Thumb Code    72  touch.o(i.TP_Init)
    TimingDelay_Decrement                    0x080050a9   Thumb Code    28  delay.o(i.TimingDelay_Decrement)
    UART5_ClearReceiveFlag                   0x080050cd   Thumb Code    10  usart.o(i.UART5_ClearReceiveFlag)
    UART5_GetReceiveLength                   0x080050dd   Thumb Code     8  usart.o(i.UART5_GetReceiveLength)
    UART5_IRQHandler                         0x080050e9   Thumb Code   380  stm32f4xx_it.o(i.UART5_IRQHandler)
    UART5_Init                               0x08005275   Thumb Code   202  usart.o(i.UART5_Init)
    UART5_IsReceiveFinished                  0x08005355   Thumb Code     6  usart.o(i.UART5_IsReceiveFinished)
    UART5_SendBuffer                         0x08005361   Thumb Code    34  usart.o(i.UART5_SendBuffer)
    UART5_SendByte                           0x08005385   Thumb Code    42  usart.o(i.UART5_SendByte)
    USART_ClearITPendingBit                  0x080053b5   Thumb Code    30  stm32f4xx_usart.o(i.USART_ClearITPendingBit)
    USART_Cmd                                0x080053d3   Thumb Code    24  stm32f4xx_usart.o(i.USART_Cmd)
    USART_GetFlagStatus                      0x080053eb   Thumb Code    26  stm32f4xx_usart.o(i.USART_GetFlagStatus)
    USART_GetITStatus                        0x08005405   Thumb Code    84  stm32f4xx_usart.o(i.USART_GetITStatus)
    USART_ITConfig                           0x08005459   Thumb Code    74  stm32f4xx_usart.o(i.USART_ITConfig)
    USART_Init                               0x080054a5   Thumb Code   204  stm32f4xx_usart.o(i.USART_Init)
    USART_ReceiveData                        0x08005579   Thumb Code    10  stm32f4xx_usart.o(i.USART_ReceiveData)
    USART_SendData                           0x08005583   Thumb Code     8  stm32f4xx_usart.o(i.USART_SendData)
    UsageFault_Handler                       0x0800558b   Thumb Code     4  stm32f4xx_it.o(i.UsageFault_Handler)
    __0sprintf                               0x08005591   Thumb Code    34  printfa.o(i.__0sprintf)
    __1sprintf                               0x08005591   Thumb Code     0  printfa.o(i.__0sprintf)
    __2sprintf                               0x08005591   Thumb Code     0  printfa.o(i.__0sprintf)
    __c89sprintf                             0x08005591   Thumb Code     0  printfa.o(i.__0sprintf)
    sprintf                                  0x08005591   Thumb Code     0  printfa.o(i.__0sprintf)
    __ARM_fpclassifyf                        0x080055b9   Thumb Code    38  fpclassifyf.o(i.__ARM_fpclassifyf)
    __hardfp_cosf                            0x080055e1   Thumb Code   280  cosf.o(i.__hardfp_cosf)
    __hardfp_sinf                            0x08005731   Thumb Code   344  sinf.o(i.__hardfp_sinf)
    __hardfp_sqrtf                           0x080058c1   Thumb Code    58  sqrtf.o(i.__hardfp_sqrtf)
    __mathlib_flt_infnan                     0x080058fb   Thumb Code     6  funder.o(i.__mathlib_flt_infnan)
    __mathlib_flt_invalid                    0x08005901   Thumb Code    10  funder.o(i.__mathlib_flt_invalid)
    __mathlib_flt_underflow                  0x08005911   Thumb Code    10  funder.o(i.__mathlib_flt_underflow)
    __mathlib_rredf2                         0x08005921   Thumb Code   316  rredf.o(i.__mathlib_rredf2)
    __scatterload_copy                       0x08005a75   Thumb Code    14  handlers.o(i.__scatterload_copy)
    __scatterload_null                       0x08005a83   Thumb Code     2  handlers.o(i.__scatterload_null)
    __scatterload_zeroinit                   0x08005a85   Thumb Code    14  handlers.o(i.__scatterload_zeroinit)
    __set_errno                              0x08005a95   Thumb Code     6  errno.o(i.__set_errno)
    delay_init                               0x0800633d   Thumb Code     8  delay.o(i.delay_init)
    delay_ms                                 0x08006345   Thumb Code    22  delay.o(i.delay_ms)
    delay_us                                 0x08006361   Thumb Code    40  delay.o(i.delay_us)
    lv_tick_inc                              0x08006389   Thumb Code    18  lv_hal_tick.o(i.lv_tick_inc)
    main                                     0x080063a5   Thumb Code  1436  main.o(i.main)
    GT9147_CFG_TBL                           0x08006940   Data         184  gt9147.o(.constdata)
    GT9147_TPX_TBL                           0x080069f8   Data          10  gt9147.o(.constdata)
    asc2_1206                                0x08006a02   Data        1140  ili93xx.o(.constdata)
    asc2_1608                                0x08006e76   Data        1520  ili93xx.o(.constdata)
    asc2_2412                                0x08007466   Data        3420  ili93xx.o(.constdata)
    Region$$Table$$Base                      0x080081e4   Number         0  anon$$obj.o(Region$$Table)
    Region$$Table$$Limit                     0x08008204   Number         0  anon$$obj.o(Region$$Table)
    SystemCoreClock                          0x20000000   Data           4  system_stm32f4xx.o(.data)
    AHBPrescTable                            0x20000004   Data          16  system_stm32f4xx.o(.data)
    adxl_x_g                                 0x20000014   Data           2  main.o(.data)
    adxl_y_g                                 0x20000016   Data           2  main.o(.data)
    adxl_z_g                                 0x20000018   Data           2  main.o(.data)
    n10p_success_count                       0x2000001c   Data           4  main.o(.data)
    n10p_total_attempts                      0x20000020   Data           4  main.o(.data)
    current_mode                             0x20000024   Data           1  main.o(.data)
    slam_display_mode                        0x20000025   Data           1  main.o(.data)
    tp_dev                                   0x20000080   Data          52  touch.o(.data)
    POINT_COLOR                              0x200000b4   Data           2  ili93xx.o(.data)
    BACK_COLOR                               0x200000b6   Data           2  ili93xx.o(.data)
    n10p_status                              0x200000c8   Data         496  main.o(.bss)
    slam_status                              0x200002b8   Data       30036  main.o(.bss)
    Uart3ReceiveBuf                          0x20007818   Data         300  usart.o(.bss)
    Uart5ReceiveBuf                          0x20007944   Data        1544  usart.o(.bss)
    Uart3                                    0x20007f4c   Data          12  usart.o(.bss)
    Uart6                                    0x20007f58   Data          12  usart.o(.bss)
    Uart5                                    0x20007f64   Data          12  usart.o(.bss)
    lcddev                                   0x20007f70   Data          14  ili93xx.o(.bss)
    adxl345_data                             0x20007f80   Data          12  adxl345.o(.bss)
    adxl345_status                           0x20007f8c   Data          12  adxl345.o(.bss)
    adxl345_calibration                      0x20007f98   Data          24  adxl345.o(.bss)
    __initial_sp                             0x200091b0   Data           0  startup_stm32f4xx.o(STACK)



==============================================================================

Memory Map of the image

  Image Entry point : 0x08000189

  Load Region LR_IROM1 (Base: 0x08000000, Size: 0x000082cc, Max: 0x00100000, ABSOLUTE)

    Execution Region ER_IROM1 (Base: 0x08000000, Size: 0x00008204, Max: 0x00100000, ABSOLUTE)

    Base Addr    Size         Type   Attr      Idx    E Section Name        Object

    0x08000000   0x00000188   Data   RO          139    RESET               startup_stm32f4xx.o
    0x08000188   0x00000000   Code   RO        19393  * .ARM.Collect$$$$00000000  mc_w.l(entry.o)
    0x08000188   0x00000004   Code   RO        19704    .ARM.Collect$$$$00000001  mc_w.l(entry2.o)
    0x0800018c   0x00000004   Code   RO        19707    .ARM.Collect$$$$00000004  mc_w.l(entry5.o)
    0x08000190   0x00000000   Code   RO        19709    .ARM.Collect$$$$00000008  mc_w.l(entry7b.o)
    0x08000190   0x00000000   Code   RO        19711    .ARM.Collect$$$$0000000A  mc_w.l(entry8b.o)
    0x08000190   0x00000008   Code   RO        19712    .ARM.Collect$$$$0000000B  mc_w.l(entry9a.o)
    0x08000198   0x00000000   Code   RO        19714    .ARM.Collect$$$$0000000D  mc_w.l(entry10a.o)
    0x08000198   0x00000000   Code   RO        19716    .ARM.Collect$$$$0000000F  mc_w.l(entry11a.o)
    0x08000198   0x00000004   Code   RO        19705    .ARM.Collect$$$$00002712  mc_w.l(entry2.o)
    0x0800019c   0x00000024   Code   RO          140    .text               startup_stm32f4xx.o
    0x080001c0   0x00000040   Code   RO        19398    .text               mc_w.l(memmovea.o)
    0x08000200   0x00000024   Code   RO        19400    .text               mc_w.l(memseta.o)
    0x08000224   0x00000018   Code   RO        19402    .text               mc_w.l(strcat.o)
    0x0800023c   0x0000001c   Code   RO        19406    .text               mc_w.l(strcmp.o)
    0x08000258   0x0000014e   Code   RO        19675    .text               mf_w.l(dadd.o)
    0x080003a6   0x000000e4   Code   RO        19677    .text               mf_w.l(dmul.o)
    0x0800048a   0x00000026   Code   RO        19683    .text               mf_w.l(f2d.o)
    0x080004b0   0x0000002c   Code   RO        19719    .text               mc_w.l(uidiv.o)
    0x080004dc   0x00000062   Code   RO        19721    .text               mc_w.l(uldiv.o)
    0x0800053e   0x0000001e   Code   RO        19723    .text               mc_w.l(llshl.o)
    0x0800055c   0x00000020   Code   RO        19725    .text               mc_w.l(llushr.o)
    0x0800057c   0x00000024   Code   RO        19727    .text               mc_w.l(llsshr.o)
    0x080005a0   0x00000000   Code   RO        19736    .text               mc_w.l(iusefp.o)
    0x080005a0   0x000000ba   Code   RO        19737    .text               mf_w.l(depilogue.o)
    0x0800065a   0x000000de   Code   RO        19739    .text               mf_w.l(ddiv.o)
    0x08000738   0x00000030   Code   RO        19741    .text               mf_w.l(dfixul.o)
    0x08000768   0x00000030   Code   RO        19743    .text               mf_w.l(cdrcmple.o)
    0x08000798   0x00000024   Code   RO        19745    .text               mc_w.l(init.o)
    0x080007bc   0x00000050   Code   RO         5720    i.ADXL345_GPIO_Init  adxl345.o
    0x0800080c   0x00000088   Code   RO         5724    i.ADXL345_I2C_ReceiveByte  adxl345.o
    0x08000894   0x00000060   Code   RO         5725    i.ADXL345_I2C_SendByte  adxl345.o
    0x080008f4   0x00000038   Code   RO         5726    i.ADXL345_I2C_Start  adxl345.o
    0x0800092c   0x00000040   Code   RO         5727    i.ADXL345_I2C_Stop  adxl345.o
    0x0800096c   0x00000054   Code   RO         5728    i.ADXL345_I2C_WaitAck  adxl345.o
    0x080009c0   0x000000bc   Code   RO         5730    i.ADXL345_Init      adxl345.o
    0x08000a7c   0x00000032   Code   RO          145    i.ADXL345_RD_XYZ    main.o
    0x08000aae   0x0000006a   Code   RO         5734    i.ADXL345_ReadMultiRegs  adxl345.o
    0x08000b18   0x00000068   Code   RO         5735    i.ADXL345_ReadRawData  adxl345.o
    0x08000b80   0x00000048   Code   RO         5736    i.ADXL345_ReadReg   adxl345.o
    0x08000bc8   0x00000020   Code   RO         5738    i.ADXL345_SDA_Input  adxl345.o
    0x08000be8   0x0000002c   Code   RO         5739    i.ADXL345_SDA_Output  adxl345.o
    0x08000c14   0x0000003c   Code   RO         5749    i.ADXL345_WriteReg  adxl345.o
    0x08000c50   0x00000004   Code   RO          335    i.BusFault_Handler  stm32f4xx_it.o
    0x08000c54   0x0000000a   Code   RO         5109    i.CT_Delay          ctiic.o
    0x08000c5e   0x00000002   PAD
    0x08000c60   0x00000050   Code   RO         5110    i.CT_IIC_Ack        ctiic.o
    0x08000cb0   0x00000040   Code   RO         5111    i.CT_IIC_Init       ctiic.o
    0x08000cf0   0x00000050   Code   RO         5112    i.CT_IIC_NAck       ctiic.o
    0x08000d40   0x00000068   Code   RO         5113    i.CT_IIC_Read_Byte  ctiic.o
    0x08000da8   0x00000060   Code   RO         5114    i.CT_IIC_Send_Byte  ctiic.o
    0x08000e08   0x0000004c   Code   RO         5115    i.CT_IIC_Start      ctiic.o
    0x08000e54   0x00000048   Code   RO         5116    i.CT_IIC_Stop       ctiic.o
    0x08000e9c   0x0000005c   Code   RO         5117    i.CT_IIC_Wait_Ack   ctiic.o
    0x08000ef8   0x00000002   Code   RO          336    i.DebugMon_Handler  stm32f4xx_it.o
    0x08000efa   0x00000040   Code   RO         5333    i.GPIO_AF_Set       sys.o
    0x08000f3a   0x00000090   Code   RO         2318    i.GPIO_Init         stm32f4xx_gpio.o
    0x08000fca   0x00000046   Code   RO         2319    i.GPIO_PinAFConfig  stm32f4xx_gpio.o
    0x08001010   0x00000012   Code   RO         2322    i.GPIO_ReadInputDataBit  stm32f4xx_gpio.o
    0x08001022   0x00000012   Code   RO         2324    i.GPIO_ReadOutputDataBit  stm32f4xx_gpio.o
    0x08001034   0x00000004   Code   RO         2325    i.GPIO_ResetBits    stm32f4xx_gpio.o
    0x08001038   0x000000de   Code   RO         5334    i.GPIO_Set          sys.o
    0x08001116   0x00000004   Code   RO         2326    i.GPIO_SetBits      stm32f4xx_gpio.o
    0x0800111a   0x0000000a   Code   RO         2330    i.GPIO_WriteBit     stm32f4xx_gpio.o
    0x08001124   0x000000f0   Code   RO         5237    i.GT9147_Init       gt9147.o
    0x08001214   0x00000062   Code   RO         5238    i.GT9147_RD_Reg     gt9147.o
    0x08001276   0x00000002   PAD
    0x08001278   0x000001f4   Code   RO         5239    i.GT9147_Scan       gt9147.o
    0x0800146c   0x0000005c   Code   RO         5240    i.GT9147_Send_Cfg   gt9147.o
    0x080014c8   0x0000005c   Code   RO         5241    i.GT9147_WR_Reg     gt9147.o
    0x08001524   0x00000014   Code   RO          147    i.GetSystemTick     main.o
    0x08001538   0x00000004   Code   RO          337    i.HardFault_Handler  stm32f4xx_it.o
    0x0800153c   0x00000030   Code   RO         4835    i.KEY_Init          key.o
    0x0800156c   0x000000f8   Code   RO         4836    i.KeyScan           key.o
    0x08001664   0x00000034   Code   RO         5465    i.LCD_Clear         ili93xx.o
    0x08001698   0x00000094   Code   RO         5469    i.LCD_Display_Dir   ili93xx.o
    0x0800172c   0x00000068   Code   RO         5476    i.LCD_Fast_DrawPoint  ili93xx.o
    0x08001794   0x00000054   Code   RO         5477    i.LCD_Fill          ili93xx.o
    0x080017e8   0x000011be   Code   RO         5478    i.LCD_Init          ili93xx.o
    0x080029a6   0x00000002   PAD
    0x080029a8   0x00000014   Code   RO         5480    i.LCD_RD_DATA       ili93xx.o
    0x080029bc   0x00000138   Code   RO         5483    i.LCD_Scan_Dir      ili93xx.o
    0x08002af4   0x00000058   Code   RO         5484    i.LCD_SetCursor     ili93xx.o
    0x08002b4c   0x00000128   Code   RO         5486    i.LCD_ShowChar      ili93xx.o
    0x08002c74   0x00000066   Code   RO         5488    i.LCD_ShowString    ili93xx.o
    0x08002cda   0x00000002   PAD
    0x08002cdc   0x00000018   Code   RO         5490    i.LCD_WR_DATA       ili93xx.o
    0x08002cf4   0x00000018   Code   RO         5491    i.LCD_WR_REG        ili93xx.o
    0x08002d0c   0x00000014   Code   RO         5493    i.LCD_WriteRAM_Prepare  ili93xx.o
    0x08002d20   0x00000010   Code   RO         5494    i.LCD_WriteReg      ili93xx.o
    0x08002d30   0x00000074   Code   RO         4861    i.LED_Init          led.o
    0x08002da4   0x00000004   Code   RO          338    i.MemManage_Handler  stm32f4xx_it.o
    0x08002da8   0x00000098   Code   RO          152    i.N10P_GetPointAngle  main.o
    0x08002e40   0x00000484   Code   RO          154    i.N10P_ParsePartialFrame  main.o
    0x080032c4   0x00000090   Code   RO          155    i.N10P_ProcessData  main.o
    0x08003354   0x000001f8   Code   RO          156    i.N10P_SendTestCommand  main.o
    0x0800354c   0x00000002   Code   RO          339    i.NMI_Handler       stm32f4xx_it.o
    0x0800354e   0x00000002   PAD
    0x08003550   0x00000078   Code   RO          902    i.NVIC_Init         misc.o
    0x080035c8   0x00000002   Code   RO          340    i.PendSV_Handler    stm32f4xx_it.o
    0x080035ca   0x00000002   PAD
    0x080035cc   0x00000020   Code   RO         2903    i.RCC_AHB1PeriphClockCmd  stm32f4xx_rcc.o
    0x080035ec   0x00000020   Code   RO         2912    i.RCC_APB1PeriphClockCmd  stm32f4xx_rcc.o
    0x0800360c   0x000000e8   Code   RO         2924    i.RCC_GetClocksFreq  stm32f4xx_rcc.o
    0x080036f4   0x000000e4   Code   RO          157    i.SLAM_CheckTouch   main.o
    0x080037d8   0x00000064   Code   RO          158    i.SLAM_ClearMap     main.o
    0x0800383c   0x00000964   Code   RO          159    i.SLAM_DrawMap      main.o
    0x080041a0   0x000000e4   Code   RO          160    i.SLAM_IsWall       main.o
    0x08004284   0x0000030c   Code   RO          161    i.SLAM_UpdateMap    main.o
    0x08004590   0x0000061c   Code   RO          162    i.SLAM_UpdatePosition  main.o
    0x08004bac   0x00000002   Code   RO          341    i.SVC_Handler       stm32f4xx_it.o
    0x08004bae   0x00000002   PAD
    0x08004bb0   0x000000ec   Code   RO            2    i.SetSysClock       system_stm32f4xx.o
    0x08004c9c   0x00000088   Code   RO          342    i.SysTick_Handler   stm32f4xx_it.o
    0x08004d24   0x00000068   Code   RO         4783    i.SysTick_Init      delay.o
    0x08004d8c   0x00000068   Code   RO            4    i.SystemInit        system_stm32f4xx.o
    0x08004df4   0x00000054   Code   RO          343    i.TIM2_IRQHandler   stm32f4xx_it.o
    0x08004e48   0x000000ac   Code   RO          344    i.TIM3_IRQHandler   stm32f4xx_it.o
    0x08004ef4   0x00000070   Code   RO          850    i.TIM3_Init         time.o
    0x08004f64   0x00000018   Code   RO         3987    i.TIM_ARRPreloadConfig  stm32f4xx_tim.o
    0x08004f7c   0x00000006   Code   RO         3994    i.TIM_ClearITPendingBit  stm32f4xx_tim.o
    0x08004f82   0x00000018   Code   RO         3999    i.TIM_Cmd           stm32f4xx_tim.o
    0x08004f9a   0x00000022   Code   RO         4020    i.TIM_GetITStatus   stm32f4xx_tim.o
    0x08004fbc   0x00000012   Code   RO         4024    i.TIM_ITConfig      stm32f4xx_tim.o
    0x08004fce   0x00000002   PAD
    0x08004fd0   0x00000084   Code   RO         4071    i.TIM_TimeBaseInit  stm32f4xx_tim.o
    0x08005054   0x00000054   Code   RO         5422    i.TP_Init           touch.o
    0x080050a8   0x00000024   Code   RO         4784    i.TimingDelay_Decrement  delay.o
    0x080050cc   0x00000010   Code   RO         4878    i.UART5_ClearReceiveFlag  usart.o
    0x080050dc   0x0000000c   Code   RO         4881    i.UART5_GetReceiveLength  usart.o
    0x080050e8   0x0000018c   Code   RO          345    i.UART5_IRQHandler  stm32f4xx_it.o
    0x08005274   0x000000e0   Code   RO         4882    i.UART5_Init        usart.o
    0x08005354   0x0000000c   Code   RO         4883    i.UART5_IsReceiveFinished  usart.o
    0x08005360   0x00000022   Code   RO         4884    i.UART5_SendBuffer  usart.o
    0x08005382   0x00000002   PAD
    0x08005384   0x00000030   Code   RO         4885    i.UART5_SendByte    usart.o
    0x080053b4   0x0000001e   Code   RO         4542    i.USART_ClearITPendingBit  stm32f4xx_usart.o
    0x080053d2   0x00000018   Code   RO         4545    i.USART_Cmd         stm32f4xx_usart.o
    0x080053ea   0x0000001a   Code   RO         4548    i.USART_GetFlagStatus  stm32f4xx_usart.o
    0x08005404   0x00000054   Code   RO         4549    i.USART_GetITStatus  stm32f4xx_usart.o
    0x08005458   0x0000004a   Code   RO         4551    i.USART_ITConfig    stm32f4xx_usart.o
    0x080054a2   0x00000002   PAD
    0x080054a4   0x000000d4   Code   RO         4552    i.USART_Init        stm32f4xx_usart.o
    0x08005578   0x0000000a   Code   RO         4559    i.USART_ReceiveData  stm32f4xx_usart.o
    0x08005582   0x00000008   Code   RO         4562    i.USART_SendData    stm32f4xx_usart.o
    0x0800558a   0x00000004   Code   RO          346    i.UsageFault_Handler  stm32f4xx_it.o
    0x0800558e   0x00000002   PAD
    0x08005590   0x00000028   Code   RO        19649    i.__0sprintf        mc_w.l(printfa.o)
    0x080055b8   0x00000026   Code   RO        19685    i.__ARM_fpclassifyf  m_wm.l(fpclassifyf.o)
    0x080055de   0x00000002   PAD
    0x080055e0   0x00000150   Code   RO        19357    i.__hardfp_cosf     m_wm.l(cosf.o)
    0x08005730   0x00000190   Code   RO        19369    i.__hardfp_sinf     m_wm.l(sinf.o)
    0x080058c0   0x0000003a   Code   RO        19381    i.__hardfp_sqrtf    m_wm.l(sqrtf.o)
    0x080058fa   0x00000006   Code   RO        19688    i.__mathlib_flt_infnan  m_wm.l(funder.o)
    0x08005900   0x00000010   Code   RO        19690    i.__mathlib_flt_invalid  m_wm.l(funder.o)
    0x08005910   0x00000010   Code   RO        19693    i.__mathlib_flt_underflow  m_wm.l(funder.o)
    0x08005920   0x00000154   Code   RO        19701    i.__mathlib_rredf2  m_wm.l(rredf.o)
    0x08005a74   0x0000000e   Code   RO        19749    i.__scatterload_copy  mc_w.l(handlers.o)
    0x08005a82   0x00000002   Code   RO        19750    i.__scatterload_null  mc_w.l(handlers.o)
    0x08005a84   0x0000000e   Code   RO        19751    i.__scatterload_zeroinit  mc_w.l(handlers.o)
    0x08005a92   0x00000002   PAD
    0x08005a94   0x0000000c   Code   RO        19731    i.__set_errno       mc_w.l(errno.o)
    0x08005aa0   0x00000164   Code   RO        19654    i._fp_digits        mc_w.l(printfa.o)
    0x08005c04   0x000006dc   Code   RO        19655    i._printf_core      mc_w.l(printfa.o)
    0x080062e0   0x00000024   Code   RO        19656    i._printf_post_padding  mc_w.l(printfa.o)
    0x08006304   0x0000002e   Code   RO        19657    i._printf_pre_padding  mc_w.l(printfa.o)
    0x08006332   0x0000000a   Code   RO        19659    i._sputc            mc_w.l(printfa.o)
    0x0800633c   0x00000008   Code   RO         4785    i.delay_init        delay.o
    0x08006344   0x0000001c   Code   RO         4786    i.delay_ms          delay.o
    0x08006360   0x00000028   Code   RO         4787    i.delay_us          delay.o
    0x08006388   0x0000001c   Code   RO        16043    i.lv_tick_inc       lv_hal_tick.o
    0x080063a4   0x0000059c   Code   RO          165    i.main              main.o
    0x08006940   0x000000c2   Data   RO         5242    .constdata          gt9147.o
    0x08006a02   0x000017c0   Data   RO         5497    .constdata          ili93xx.o
    0x080081c2   0x00000002   PAD
    0x080081c4   0x00000020   Data   RO        19702    .constdata          m_wm.l(rredf.o)
    0x080081e4   0x00000020   Data   RO        19747    Region$$Table       anon$$obj.o


    Execution Region RW_IRAM1 (Base: 0x20000000, Size: 0x000091b0, Max: 0x00020000, ABSOLUTE)

    Base Addr    Size         Type   Attr      Idx    E Section Name        Object

    0x20000000   0x00000014   Data   RW            5    .data               system_stm32f4xx.o
    0x20000014   0x00000039   Data   RW          167    .data               main.o
    0x2000004d   0x00000003   PAD
    0x20000050   0x00000012   Data   RW          348    .data               stm32f4xx_it.o
    0x20000062   0x00000010   Data   RW         2947    .data               stm32f4xx_rcc.o
    0x20000072   0x00000002   PAD
    0x20000074   0x00000008   Data   RW         4789    .data               delay.o
    0x2000007c   0x00000001   Data   RW         4837    .data               key.o
    0x2000007d   0x00000001   Data   RW         5243    .data               gt9147.o
    0x2000007e   0x00000002   PAD
    0x20000080   0x00000034   Data   RW         5423    .data               touch.o
    0x200000b4   0x00000008   Data   RW         5498    .data               ili93xx.o
    0x200000bc   0x00000005   Data   RW        16044    .data               lv_hal_tick.o
    0x200000c1   0x00000003   PAD
    0x200000c4   0x00000004   Data   RW        19732    .data               mc_w.l(errno.o)
    0x200000c8   0x00007744   Zero   RW          166    .bss                main.o
    0x2000780c   0x0000000c   Zero   RW          347    .bss                stm32f4xx_it.o
    0x20007818   0x00000758   Zero   RW         4891    .bss                usart.o
    0x20007f70   0x0000000e   Zero   RW         5496    .bss                ili93xx.o
    0x20007f7e   0x00000002   PAD
    0x20007f80   0x00000030   Zero   RW         5750    .bss                adxl345.o
    0x20007fb0   0x00001200   Zero   RW          137    STACK               startup_stm32f4xx.o


==============================================================================

Image component sizes


      Code (inc. data)   RO Data    RW Data    ZI Data      Debug   Object Name

      1122         50          0          0         48      10743   adxl345.o
       674        100          0          0          0       4977   ctiic.o
       216         26          0          8          0      21433   delay.o
      1022         48        194          1          0       4426   gt9147.o
      5832        138       6080          8         14      14197   ili93xx.o
       296         12          0          1          0       1229   key.o
       116          4          0          0          0        551   led.o
        28         10          0          5          0       1070   lv_hal_tick.o
      8766       1226          0         57      30532      19115   main.o
       120         14          0          0          0       1140   misc.o
        36          8        392          0       4608        924   startup_stm32f4xx.o
       268          0          0          0          0       5208   stm32f4xx_gpio.o
       812         70          0         18         12       7397   stm32f4xx_it.o
       296         30          0         16          0       4022   stm32f4xx_rcc.o
       238         28          0          0          0       4633   stm32f4xx_tim.o
       468          8          0          0          0       6623   stm32f4xx_usart.o
       286          0          0          0          0       1713   sys.o
       340         32          0         20          0     260961   system_stm32f4xx.o
       112          6          0          0          0        584   time.o
        84         12          0         52          0       1411   touch.o
       346         44          0          0       1880       4881   usart.o

    ----------------------------------------------------------------------
     21500       1866       6700        196      37096     377238   Object Totals
         0          0         32          0          0          0   (incl. Generated)
        22          0          2         10          2          0   (incl. Padding)

    ----------------------------------------------------------------------

      Code (inc. data)   RO Data    RW Data    ZI Data      Debug   Library Member Name

       336         56          0          0          0        136   cosf.o
        38          0          0          0          0        116   fpclassifyf.o
        38         12          0          0          0        348   funder.o
       340         24         32          0          0        160   rredf.o
       400         56          0          0          0        212   sinf.o
        58          0          0          0          0        136   sqrtf.o
         0          0          0          0          0          0   entry.o
         0          0          0          0          0          0   entry10a.o
         0          0          0          0          0          0   entry11a.o
         8          4          0          0          0          0   entry2.o
         4          0          0          0          0          0   entry5.o
         0          0          0          0          0          0   entry7b.o
         0          0          0          0          0          0   entry8b.o
         8          4          0          0          0          0   entry9a.o
        12          6          0          4          0         68   errno.o
        30          0          0          0          0          0   handlers.o
        36          8          0          0          0         68   init.o
         0          0          0          0          0          0   iusefp.o
        30          0          0          0          0         68   llshl.o
        36          0          0          0          0         68   llsshr.o
        32          0          0          0          0         68   llushr.o
        64          0          0          0          0         76   memmovea.o
        36          0          0          0          0        108   memseta.o
      2244         86          0          0          0        512   printfa.o
        24          0          0          0          0         68   strcat.o
        28          0          0          0          0         76   strcmp.o
        44          0          0          0          0         80   uidiv.o
        98          0          0          0          0         92   uldiv.o
        48          0          0          0          0         68   cdrcmple.o
       334          0          0          0          0        148   dadd.o
       222          0          0          0          0        100   ddiv.o
       186          0          0          0          0        176   depilogue.o
        48          0          0          0          0         68   dfixul.o
       228          0          0          0          0         96   dmul.o
        38          0          0          0          0         68   f2d.o

    ----------------------------------------------------------------------
      5052        256         32          4          0       3184   Library Totals
         4          0          0          0          0          0   (incl. Padding)

    ----------------------------------------------------------------------

      Code (inc. data)   RO Data    RW Data    ZI Data      Debug   Library Name

      1210        148         32          0          0       1108   m_wm.l
      2734        108          0          4          0       1352   mc_w.l
      1104          0          0          0          0        724   mf_w.l

    ----------------------------------------------------------------------
      5052        256         32          4          0       3184   Library Totals

    ----------------------------------------------------------------------

==============================================================================


      Code (inc. data)   RO Data    RW Data    ZI Data      Debug   

     26552       2122       6732        200      37096     368586   Grand Totals
     26552       2122       6732        200      37096     368586   ELF Image Totals
     26552       2122       6732        200          0          0   ROM Totals

==============================================================================

    Total RO  Size (Code + RO Data)                33284 (  32.50kB)
    Total RW  Size (RW Data + ZI Data)             37296 (  36.42kB)
    Total ROM Size (Code + RO Data + RW Data)      33484 (  32.70kB)

==============================================================================

